Archive member included to satisfy reference by file (symbol)

/opt/Atollic_TrueSTUDIO_for_STM32_x86_64_9.0.1/ARMTools/bin/../lib/gcc/arm-atollic-eabi/6.3.1/../../../../arm-atollic-eabi/lib/armv7e-m/fpu/libc_nano.a(lib_a-init.o)
                              startup/startup_stm32f407xx.o (__libc_init_array)
/opt/Atollic_TrueSTUDIO_for_STM32_x86_64_9.0.1/ARMTools/bin/../lib/gcc/arm-atollic-eabi/6.3.1/armv7e-m/fpu/libgcc.a(_aeabi_uldivmod.o)
                              Drivers/STM32F4xx_HAL_Driver/Src/stm32f4xx_hal_rcc.o (__aeabi_uldivmod)
/opt/Atollic_TrueSTUDIO_for_STM32_x86_64_9.0.1/ARMTools/bin/../lib/gcc/arm-atollic-eabi/6.3.1/armv7e-m/fpu/libgcc.a(_udivmoddi4.o)
                              /opt/Atollic_TrueSTUDIO_for_STM32_x86_64_9.0.1/ARMTools/bin/../lib/gcc/arm-atollic-eabi/6.3.1/armv7e-m/fpu/libgcc.a(_aeabi_uldivmod.o) (__udivmoddi4)
/opt/Atollic_TrueSTUDIO_for_STM32_x86_64_9.0.1/ARMTools/bin/../lib/gcc/arm-atollic-eabi/6.3.1/armv7e-m/fpu/libgcc.a(_dvmd_tls.o)
                              /opt/Atollic_TrueSTUDIO_for_STM32_x86_64_9.0.1/ARMTools/bin/../lib/gcc/arm-atollic-eabi/6.3.1/armv7e-m/fpu/libgcc.a(_aeabi_uldivmod.o) (__aeabi_ldiv0)

Allocating common symbols
Common symbol       size              file

lcd                 0x21              Core/Src/main.o
Keyboard            0x8               Core/Src/keyboard.o
uwTick              0x4               Drivers/STM32F4xx_HAL_Driver/Src/stm32f4xx_hal.o
pFlash              0x20              Drivers/STM32F4xx_HAL_Driver/Src/stm32f4xx_hal_flash.o
aux                 0x2               Core/Src/adc_keyboard.o
hadc1               0x48              Core/Src/adc.o
huart2              0x40              Core/Src/usart.o
Menu                0x18              Core/Src/main.o

Discarded input sections

 .text          0x0000000000000000        0x0 /opt/Atollic_TrueSTUDIO_for_STM32_x86_64_9.0.1/ARMTools/bin/../lib/gcc/arm-atollic-eabi/6.3.1/armv7e-m/fpu/crti.o
 .data          0x0000000000000000        0x0 /opt/Atollic_TrueSTUDIO_for_STM32_x86_64_9.0.1/ARMTools/bin/../lib/gcc/arm-atollic-eabi/6.3.1/armv7e-m/fpu/crti.o
 .bss           0x0000000000000000        0x0 /opt/Atollic_TrueSTUDIO_for_STM32_x86_64_9.0.1/ARMTools/bin/../lib/gcc/arm-atollic-eabi/6.3.1/armv7e-m/fpu/crti.o
 .data          0x0000000000000000        0x4 /opt/Atollic_TrueSTUDIO_for_STM32_x86_64_9.0.1/ARMTools/bin/../lib/gcc/arm-atollic-eabi/6.3.1/armv7e-m/fpu/crtbegin.o
 .text          0x0000000000000000        0x0 Core/Src/ADM1602s.o
 .data          0x0000000000000000        0x0 Core/Src/ADM1602s.o
 .bss           0x0000000000000000        0x0 Core/Src/ADM1602s.o
 .text          0x0000000000000000        0x0 Core/Src/adc.o
 .data          0x0000000000000000        0x0 Core/Src/adc.o
 .bss           0x0000000000000000        0x0 Core/Src/adc.o
 .text.HAL_ADC_MspDeInit
                0x0000000000000000       0x28 Core/Src/adc.o
 .text          0x0000000000000000        0x0 Core/Src/adc_keyboard.o
 .data          0x0000000000000000        0x0 Core/Src/adc_keyboard.o
 .bss           0x0000000000000000        0x0 Core/Src/adc_keyboard.o
 .text          0x0000000000000000        0x0 Core/Src/display.o
 .data          0x0000000000000000        0x0 Core/Src/display.o
 .bss           0x0000000000000000        0x0 Core/Src/display.o
 .text.lcdCmdWrite
                0x0000000000000000        0x2 Core/Src/display.o
 .text          0x0000000000000000        0x0 Core/Src/gpio.o
 .data          0x0000000000000000        0x0 Core/Src/gpio.o
 .bss           0x0000000000000000        0x0 Core/Src/gpio.o
 .text          0x0000000000000000        0x0 Core/Src/keyboard.o
 .data          0x0000000000000000        0x0 Core/Src/keyboard.o
 .bss           0x0000000000000000        0x0 Core/Src/keyboard.o
 .text          0x0000000000000000        0x0 Core/Src/main.o
 .data          0x0000000000000000        0x0 Core/Src/main.o
 .bss           0x0000000000000000        0x0 Core/Src/main.o
 .text          0x0000000000000000        0x0 Core/Src/menu.o
 .data          0x0000000000000000        0x0 Core/Src/menu.o
 .bss           0x0000000000000000        0x0 Core/Src/menu.o
 .text.menuNext
                0x0000000000000000       0x28 Core/Src/menu.o
 .text.menuPrev
                0x0000000000000000       0x20 Core/Src/menu.o
 .text.menuReset
                0x0000000000000000       0x1c Core/Src/menu.o
 .text          0x0000000000000000        0x0 Core/Src/stm32f4xx_hal_msp.o
 .data          0x0000000000000000        0x0 Core/Src/stm32f4xx_hal_msp.o
 .bss           0x0000000000000000        0x0 Core/Src/stm32f4xx_hal_msp.o
 .text          0x0000000000000000        0x0 Core/Src/stm32f4xx_it.o
 .data          0x0000000000000000        0x0 Core/Src/stm32f4xx_it.o
 .bss           0x0000000000000000        0x0 Core/Src/stm32f4xx_it.o
 .text          0x0000000000000000        0x0 Core/Src/system_stm32f4xx.o
 .data          0x0000000000000000        0x0 Core/Src/system_stm32f4xx.o
[...]
Memory Configuration

Name             Origin             Length             Attributes
RAM              0x0000000020000000 0x0000000000020000 xrw
CCMRAM           0x0000000010000000 0x0000000000010000 rw
FLASH            0x0000000008000000 0x0000000000100000 xr
*default*        0x0000000000000000 0xffffffffffffffff

Linker script and memory map

LOAD /opt/Atollic_TrueSTUDIO_for_STM32_x86_64_9.0.1/ARMTools/bin/../lib/gcc/arm-atollic-eabi/6.3.1/armv7e-m/fpu/crti.o
LOAD /opt/Atollic_TrueSTUDIO_for_STM32_x86_64_9.0.1/ARMTools/bin/../lib/gcc/arm-atollic-eabi/6.3.1/armv7e-m/fpu/crtbegin.o
LOAD Core/Src/ADM1602s.o
LOAD Core/Src/adc.o
LOAD Core/Src/adc_keyboard.o
LOAD Core/Src/display.o
LOAD Core/Src/gpio.o
LOAD Core/Src/keyboard.o
LOAD Core/Src/main.o
LOAD Core/Src/menu.o
LOAD Core/Src/stm32f4xx_hal_msp.o
LOAD Core/Src/stm32f4xx_it.o
LOAD Core/Src/system_stm32f4xx.o
LOAD Core/Src/usart.o
LOAD Drivers/STM32F4xx_HAL_Driver/Src/stm32f4xx_hal.o
LOAD Drivers/STM32F4xx_HAL_Driver/Src/stm32f4xx_hal_adc.o
LOAD Drivers/STM32F4xx_HAL_Driver/Src/stm32f4xx_hal_adc_ex.o
LOAD Drivers/STM32F4xx_HAL_Driver/Src/stm32f4xx_hal_cortex.o
LOAD Drivers/STM32F4xx_HAL_Driver/Src/stm32f4xx_hal_dma.o
LOAD Drivers/STM32F4xx_HAL_Driver/Src/stm32f4xx_hal_dma_ex.o
LOAD Drivers/STM32F4xx_HAL_Driver/Src/stm32f4xx_hal_flash.o
LOAD Drivers/STM32F4xx_HAL_Driver/Src/stm32f4xx_hal_flash_ex.o
LOAD Drivers/STM32F4xx_HAL_Driver/Src/stm32f4xx_hal_flash_ramfunc.o
LOAD Drivers/STM32F4xx_HAL_Driver/Src/stm32f4xx_hal_gpio.o
LOAD Drivers/STM32F4xx_HAL_Driver/Src/stm32f4xx_hal_pwr.o
LOAD Drivers/STM32F4xx_HAL_Driver/Src/stm32f4xx_hal_pwr_ex.o
LOAD Drivers/STM32F4xx_HAL_Driver/Src/stm32f4xx_hal_rcc.o
LOAD Drivers/STM32F4xx_HAL_Driver/Src/stm32f4xx_hal_rcc_ex.o
LOAD Drivers/STM32F4xx_HAL_Driver/Src/stm32f4xx_hal_tim.o
LOAD Drivers/STM32F4xx_HAL_Driver/Src/stm32f4xx_hal_tim_ex.o
LOAD Drivers/STM32F4xx_HAL_Driver/Src/stm32f4xx_hal_uart.o
LOAD startup/startup_stm32f407xx.o
                0x0000000000000080                malloc_getpagesize_P = 0x80
START GROUP
LOAD /opt/Atollic_TrueSTUDIO_for_STM32_x86_64_9.0.1/ARMTools/bin/../lib/gcc/arm-atollic-eabi/6.3.1/../../../../arm-atollic-eabi/lib/armv7e-m/fpu/libc_nano.a
LOAD /opt/Atollic_TrueSTUDIO_for_STM32_x86_64_9.0.1/ARMTools/bin/../lib/gcc/arm-atollic-eabi/6.3.1/../../../../arm-atollic-eabi/lib/armv7e-m/fpu/libm.a
END GROUP
START GROUP
LOAD /opt/Atollic_TrueSTUDIO_for_STM32_x86_64_9.0.1/ARMTools/bin/../lib/gcc/arm-atollic-eabi/6.3.1/armv7e-m/fpu/libgcc.a
LOAD /opt/Atollic_TrueSTUDIO_for_STM32_x86_64_9.0.1/ARMTools/bin/../lib/gcc/arm-atollic-eabi/6.3.1/../../../../arm-atollic-eabi/lib/armv7e-m/fpu/libc_nano.a
END GROUP
START GROUP
LOAD /opt/Atollic_TrueSTUDIO_for_STM32_x86_64_9.0.1/ARMTools/bin/../lib/gcc/arm-atollic-eabi/6.3.1/armv7e-m/fpu/libgcc.a
LOAD /opt/Atollic_TrueSTUDIO_for_STM32_x86_64_9.0.1/ARMTools/bin/../lib/gcc/arm-atollic-eabi/6.3.1/../../../../arm-atollic-eabi/lib/armv7e-m/fpu/libc_nano.a
LOAD /opt/Atollic_TrueSTUDIO_for_STM32_x86_64_9.0.1/ARMTools/bin/../lib/gcc/arm-atollic-eabi/6.3.1/../../../../arm-atollic-eabi/lib/armv7e-m/fpu/libnosys.a
END GROUP
START GROUP
LOAD /opt/Atollic_TrueSTUDIO_for_STM32_x86_64_9.0.1/ARMTools/bin/../lib/gcc/arm-atollic-eabi/6.3.1/armv7e-m/fpu/libgcc.a
LOAD /opt/Atollic_TrueSTUDIO_for_STM32_x86_64_9.0.1/ARMTools/bin/../lib/gcc/arm-atollic-eabi/6.3.1/../../../../arm-atollic-eabi/lib/armv7e-m/fpu/libc_nano.a
LOAD /opt/Atollic_TrueSTUDIO_for_STM32_x86_64_9.0.1/ARMTools/bin/../lib/gcc/arm-atollic-eabi/6.3.1/../../../../arm-atollic-eabi/lib/armv7e-m/fpu/libnosys.a
END GROUP
LOAD /opt/Atollic_TrueSTUDIO_for_STM32_x86_64_9.0.1/ARMTools/bin/../lib/gcc/arm-atollic-eabi/6.3.1/armv7e-m/fpu/crtend.o
LOAD /opt/Atollic_TrueSTUDIO_for_STM32_x86_64_9.0.1/ARMTools/bin/../lib/gcc/arm-atollic-eabi/6.3.1/armv7e-m/fpu/crtn.o
                0x0000000020020000                _estack = 0x20020000
                0x0000000000000200                _Min_Heap_Size = 0x200
                0x0000000000000400                _Min_Stack_Size = 0x400

.isr_vector     0x0000000008000000      0x188
                0x0000000008000000                . = ALIGN (0x4)
 *(.isr_vector)
 .isr_vector    0x0000000008000000      0x188 startup/startup_stm32f407xx.o
                0x0000000008000000                g_pfnVectors
                0x0000000008000188                . = ALIGN (0x4)

.text           0x0000000008000188     0x1ac4
                0x0000000008000188                . = ALIGN (0x4)
 *(.text)
 .text          0x0000000008000188       0x40 /opt/Atollic_TrueSTUDIO_for_STM32_x86_64_9.0.1/ARMTools/bin/../lib/gcc/arm-atollic-eabi/6.3.1/armv7e-m/fpu/crtbegin.o
 .text          0x00000000080001c8       0x30 /opt/Atollic_TrueSTUDIO_for_STM32_x86_64_9.0.1/ARMTools/bin/../lib/gcc/arm-atollic-eabi/6.3.1/armv7e-m/fpu/libgcc.a(_aeabi_uldivmod.o)
                0x00000000080001c8                __aeabi_uldivmod
 .text          0x00000000080001f8      0x2dc /opt/Atollic_TrueSTUDIO_for_STM32_x86_64_9.0.1/ARMTools/bin/../lib/gcc/arm-atollic-eabi/6.3.1/armv7e-m/fpu/libgcc.a(_udivmoddi4.o)
                0x00000000080001f8                __udivmoddi4
 .text          0x00000000080004d4        0x4 /opt/Atollic_TrueSTUDIO_for_STM32_x86_64_9.0.1/ARMTools/bin/../lib/gcc/arm-atollic-eabi/6.3.1/armv7e-m/fpu/libgcc.a(_dvmd_tls.o)
                0x00000000080004d4                __aeabi_ldiv0
                0x00000000080004d4                __aeabi_idiv0
 *(.text*)
 .text.lcd_init
                0x00000000080004d8       0x10 Core/Src/ADM1602s.o
                0x00000000080004d8                lcd_init
 .text.lcd_write
                0x00000000080004e8       0x9c Core/Src/ADM1602s.o
                0x00000000080004e8                lcd_write
 .text.lcd_cmd_write
                0x0000000008000584       0x9c Core/Src/ADM1602s.o
                0x0000000008000584                lcd_cmd_write
 .text.lcd_set_addr
                0x0000000008000620       0x9c Core/Src/ADM1602s.o
                0x0000000008000620                lcd_set_addr
 .text.MX_ADC1_Init
                0x00000000080006bc       0x64 Core/Src/adc.o
                0x00000000080006bc                MX_ADC1_Init
 .text.HAL_ADC_MspInit
                0x0000000008000720       0x44 Core/Src/adc.o
                0x0000000008000720                HAL_ADC_MspInit
 .text.keyboard_init
                0x0000000008000764        0x2 Core/Src/adc_keyboard.o
                0x0000000008000764                keyboard_init
 *fill*         0x0000000008000766        0x2 
 .text.keyboard_read
                0x0000000008000768       0x5c Core/Src/adc_keyboard.o
                0x0000000008000768                keyboard_read
 .text.lcdInit  0x00000000080007c4       0x44 Core/Src/display.o
                0x00000000080007c4                lcdInit
 .text.lcdWrite
                0x0000000008000808       0x28 Core/Src/display.o
                0x0000000008000808                lcdWrite
 .text.lcdRuntTime
                0x0000000008000830       0x3e Core/Src/display.o
                0x0000000008000830                lcdRuntTime
 *fill*         0x000000000800086e        0x2 
 .text.MX_GPIO_Init
                0x0000000008000870       0xd4 Core/Src/gpio.o
                0x0000000008000870                MX_GPIO_Init
 .text.keyboardInit
                0x0000000008000944       0x18 Core/Src/keyboard.o
                0x0000000008000944                keyboardInit
 .text.keyboardRuntime
                0x000000000800095c       0x40 Core/Src/keyboard.o
                0x000000000800095c                keyboardRuntime
 .text.OnExitMenu2
                0x000000000800099c        0x2 Core/Src/main.o
                0x000000000800099c                OnExitMenu2
 .text.onKeyPressed
                0x000000000800099e        0xa Core/Src/main.o
                0x000000000800099e                onKeyPressed
 .text.OnRenderMenu1
                0x00000000080009a8       0x14 Core/Src/main.o
                0x00000000080009a8                OnRenderMenu1
 .text.OnRenderMenu2
                0x00000000080009bc       0x14 Core/Src/main.o
                0x00000000080009bc                OnRenderMenu2
 .text.OnKeyMenu1
                0x00000000080009d0        0x6 Core/Src/main.o
                0x00000000080009d0                OnKeyMenu1
 .text.OnKeyMenu2
                0x00000000080009d6        0x6 Core/Src/main.o
                0x00000000080009d6                OnKeyMenu2
 .text.OnEnterMenu2
                0x00000000080009dc        0x2 Core/Src/main.o
                0x00000000080009dc                OnEnterMenu2
 .text.OnEnterMenu1
                0x00000000080009de        0x2 Core/Src/main.o
                0x00000000080009de                OnEnterMenu1
 .text.OnExitMenu1
                0x00000000080009e0        0x2 Core/Src/main.o
                0x00000000080009e0                OnExitMenu1
 *fill*         0x00000000080009e2        0x2 
 .text.HAL_SYSTICK_Callback
                0x00000000080009e4       0x20 Core/Src/main.o
                0x00000000080009e4                HAL_SYSTICK_Callback
 .text.SystemClock_Config
                0x0000000008000a04       0xac Core/Src/main.o
                0x0000000008000a04                SystemClock_Config
 .text.startup.main
                0x0000000008000ab0       0x70 Core/Src/main.o
                0x0000000008000ab0                main
 .text._Error_Handler
                0x0000000008000b20        0x2 Core/Src/main.o
                0x0000000008000b20                _Error_Handler
 .text.menuInit
                0x0000000008000b22        0x2 Core/Src/menu.o
                0x0000000008000b22                menuInit
 .text.menuSetPosition
                0x0000000008000b24       0x10 Core/Src/menu.o
                0x0000000008000b24                menuSetPosition
 .text._menuEnterPosition
                0x0000000008000b34       0x1c Core/Src/menu.o
                0x0000000008000b34                _menuEnterPosition
 .text.menuGoto
                0x0000000008000b50        0x4 Core/Src/menu.o
                0x0000000008000b50                menuGoto
 .text.menuSetKey
                0x0000000008000b54        0xc Core/Src/menu.o
                0x0000000008000b54                menuSetKey
 .text.menuDraw
                0x0000000008000b60        0xc Core/Src/menu.o
                0x0000000008000b60                menuDraw
 .text.menuRuntime
                0x0000000008000b6c       0x18 Core/Src/menu.o
                0x0000000008000b6c                menuRuntime
 .text.HAL_MspInit
                0x0000000008000b84       0x60 Core/Src/stm32f4xx_hal_msp.o
                0x0000000008000b84                HAL_MspInit
 .text.NMI_Handler
                0x0000000008000be4        0x2 Core/Src/stm32f4xx_it.o
                0x0000000008000be4                NMI_Handler
 .text.HardFault_Handler
                0x0000000008000be6        0x2 Core/Src/stm32f4xx_it.o
                0x0000000008000be6                HardFault_Handler
 .text.MemManage_Handler
                0x0000000008000be8        0x2 Core/Src/stm32f4xx_it.o
                0x0000000008000be8                MemManage_Handler
 .text.BusFault_Handler
                0x0000000008000bea        0x2 Core/Src/stm32f4xx_it.o
                0x0000000008000bea                BusFault_Handler
 .text.UsageFault_Handler
                0x0000000008000bec        0x2 Core/Src/stm32f4xx_it.o
                0x0000000008000bec                UsageFault_Handler
 .text.SVC_Handler
                0x0000000008000bee        0x2 Core/Src/stm32f4xx_it.o
                0x0000000008000bee                SVC_Handler
 .text.DebugMon_Handler
                0x0000000008000bf0        0x2 Core/Src/stm32f4xx_it.o
                0x0000000008000bf0                DebugMon_Handler
 .text.PendSV_Handler
                0x0000000008000bf2        0x2 Core/Src/stm32f4xx_it.o
                0x0000000008000bf2                PendSV_Handler
 .text.SysTick_Handler
                0x0000000008000bf4        0xe Core/Src/stm32f4xx_it.o
                0x0000000008000bf4                SysTick_Handler
 *fill*         0x0000000008000c02        0x2 
 .text.SystemInit
                0x0000000008000c04       0x4c Core/Src/system_stm32f4xx.o
                0x0000000008000c04                SystemInit
 .text.MX_USART2_UART_Init
                0x0000000008000c50       0x40 Core/Src/usart.o
                0x0000000008000c50                MX_USART2_UART_Init
 .text.HAL_UART_MspInit
                0x0000000008000c90       0x50 Core/Src/usart.o
                0x0000000008000c90                HAL_UART_MspInit
 .text.HAL_InitTick
                0x0000000008000ce0       0x48 Drivers/STM32F4xx_HAL_Driver/Src/stm32f4xx_hal.o
                0x0000000008000ce0                HAL_InitTick
 .text.HAL_Init
                0x0000000008000d28       0x34 Drivers/STM32F4xx_HAL_Driver/Src/stm32f4xx_hal.o
                0x0000000008000d28                HAL_Init
 .text.HAL_IncTick
                0x0000000008000d5c       0x18 Drivers/STM32F4xx_HAL_Driver/Src/stm32f4xx_hal.o
                0x0000000008000d5c                HAL_IncTick
 .text.HAL_GetTick
                0x0000000008000d74        0xc Drivers/STM32F4xx_HAL_Driver/Src/stm32f4xx_hal.o
                0x0000000008000d74                HAL_GetTick
 .text.HAL_Delay
                0x0000000008000d80       0x28 Drivers/STM32F4xx_HAL_Driver/Src/stm32f4xx_hal.o
                0x0000000008000d80                HAL_Delay
 .text.HAL_ADC_Init
                0x0000000008000da8      0x148 Drivers/STM32F4xx_HAL_Driver/Src/stm32f4xx_hal_adc.o
                0x0000000008000da8                HAL_ADC_Init
 .text.HAL_ADC_Start
                0x0000000008000ef0       0xc0 Drivers/STM32F4xx_HAL_Driver/Src/stm32f4xx_hal_adc.o
                0x0000000008000ef0                HAL_ADC_Start
 .text.HAL_ADC_PollForConversion
                0x0000000008000fb0       0xa0 Drivers/STM32F4xx_HAL_Driver/Src/stm32f4xx_hal_adc.o
                0x0000000008000fb0                HAL_ADC_PollForConversion
 .text.HAL_ADC_GetValue
                0x0000000008001050        0x6 Drivers/STM32F4xx_HAL_Driver/Src/stm32f4xx_hal_adc.o
                0x0000000008001050                HAL_ADC_GetValue
 *fill*         0x0000000008001056        0x2 
 .text.HAL_ADC_ConfigChannel
                0x0000000008001058      0x12c Drivers/STM32F4xx_HAL_Driver/Src/stm32f4xx_hal_adc.o
                0x0000000008001058                HAL_ADC_ConfigChannel
 .text.HAL_NVIC_SetPriorityGrouping
                0x0000000008001184       0x24 Drivers/STM32F4xx_HAL_Driver/Src/stm32f4xx_hal_cortex.o
                0x0000000008001184                HAL_NVIC_SetPriorityGrouping
 .text.HAL_NVIC_SetPriority
                0x00000000080011a8       0x68 Drivers/STM32F4xx_HAL_Driver/Src/stm32f4xx_hal_cortex.o
                0x00000000080011a8                HAL_NVIC_SetPriority
 .text.HAL_SYSTICK_Config
                0x0000000008001210       0x2c Drivers/STM32F4xx_HAL_Driver/Src/stm32f4xx_hal_cortex.o
                0x0000000008001210                HAL_SYSTICK_Config
 .text.HAL_SYSTICK_CLKSourceConfig
                0x000000000800123c       0x18 Drivers/STM32F4xx_HAL_Driver/Src/stm32f4xx_hal_cortex.o
                0x000000000800123c                HAL_SYSTICK_CLKSourceConfig
 .text.HAL_SYSTICK_IRQHandler
                0x0000000008001254        0x8 Drivers/STM32F4xx_HAL_Driver/Src/stm32f4xx_hal_cortex.o
                0x0000000008001254                HAL_SYSTICK_IRQHandler
 .text.HAL_GPIO_Init
                0x000000000800125c      0x1c0 Drivers/STM32F4xx_HAL_Driver/Src/stm32f4xx_hal_gpio.o
                0x000000000800125c                HAL_GPIO_Init
 .text.HAL_GPIO_WritePin
                0x000000000800141c        0xa Drivers/STM32F4xx_HAL_Driver/Src/stm32f4xx_hal_gpio.o
                0x000000000800141c                HAL_GPIO_WritePin
 *fill*         0x0000000008001426        0x2 
 .text.HAL_RCC_OscConfig
                0x0000000008001428      0x304 Drivers/STM32F4xx_HAL_Driver/Src/stm32f4xx_hal_rcc.o
                0x0000000008001428                HAL_RCC_OscConfig
 .text.HAL_RCC_GetSysClockFreq
                0x000000000800172c       0x5c Drivers/STM32F4xx_HAL_Driver/Src/stm32f4xx_hal_rcc.o
                0x000000000800172c                HAL_RCC_GetSysClockFreq
 .text.HAL_RCC_ClockConfig
                0x0000000008001788      0x134 Drivers/STM32F4xx_HAL_Driver/Src/stm32f4xx_hal_rcc.o
                0x0000000008001788                HAL_RCC_ClockConfig
 .text.HAL_RCC_GetHCLKFreq
                0x00000000080018bc        0xc Drivers/STM32F4xx_HAL_Driver/Src/stm32f4xx_hal_rcc.o
                0x00000000080018bc                HAL_RCC_GetHCLKFreq
 .text.HAL_RCC_GetPCLK1Freq
                0x00000000080018c8       0x20 Drivers/STM32F4xx_HAL_Driver/Src/stm32f4xx_hal_rcc.o
                0x00000000080018c8                HAL_RCC_GetPCLK1Freq
 .text.HAL_RCC_GetPCLK2Freq
                0x00000000080018e8       0x20 Drivers/STM32F4xx_HAL_Driver/Src/stm32f4xx_hal_rcc.o
                0x00000000080018e8                HAL_RCC_GetPCLK2Freq
 .text.UART_SetConfig
                0x0000000008001908      0x234 Drivers/STM32F4xx_HAL_Driver/Src/stm32f4xx_hal_uart.o
 .text.HAL_UART_Init
                0x0000000008001b3c       0x5c Drivers/STM32F4xx_HAL_Driver/Src/stm32f4xx_hal_uart.o
                0x0000000008001b3c                HAL_UART_Init
 .text.Reset_Handler
                0x0000000008001b98       0x50 startup/startup_stm32f407xx.o
                0x0000000008001b98                Reset_Handler
 .text.Default_Handler
                0x0000000008001be8        0x2 startup/startup_stm32f407xx.o
                0x0000000008001be8                RTC_Alarm_IRQHandler
                0x0000000008001be8                HASH_RNG_IRQHandler
                0x0000000008001be8                EXTI2_IRQHandler
                0x0000000008001be8                TIM8_CC_IRQHandler
                0x0000000008001be8                TIM1_CC_IRQHandler
                0x0000000008001be8                DMA2_Stream5_IRQHandler
                0x0000000008001be8                DMA1_Stream5_IRQHandler
                0x0000000008001be8                PVD_IRQHandler
                0x0000000008001be8                SDIO_IRQHandler
                0x0000000008001be8                TAMP_STAMP_IRQHandler
                0x0000000008001be8                CAN2_RX1_IRQHandler
                0x0000000008001be8                EXTI3_IRQHandler
                0x0000000008001be8                TIM8_TRG_COM_TIM14_IRQHandler
                0x0000000008001be8                TIM1_UP_TIM10_IRQHandler
                0x0000000008001be8                TIM8_UP_TIM13_IRQHandler
                0x0000000008001be8                I2C3_ER_IRQHandler
                0x0000000008001be8                EXTI0_IRQHandler
                0x0000000008001be8                I2C2_EV_IRQHandler
                0x0000000008001be8                DMA1_Stream2_IRQHandler
                0x0000000008001be8                CAN1_RX0_IRQHandler
                0x0000000008001be8                FPU_IRQHandler
                0x0000000008001be8                OTG_HS_WKUP_IRQHandler
                0x0000000008001be8                CAN2_SCE_IRQHandler
                0x0000000008001be8                DMA2_Stream2_IRQHandler
                0x0000000008001be8                SPI1_IRQHandler
                0x0000000008001be8                TIM6_DAC_IRQHandler
                0x0000000008001be8                TIM1_BRK_TIM9_IRQHandler
                0x0000000008001be8                DCMI_IRQHandler
                0x0000000008001be8                CAN2_RX0_IRQHandler
                0x0000000008001be8                DMA2_Stream3_IRQHandler
                0x0000000008001be8                USART6_IRQHandler
                0x0000000008001be8                USART3_IRQHandler
                0x0000000008001be8                CAN1_RX1_IRQHandler
                0x0000000008001be8                UART5_IRQHandler
                0x0000000008001be8                DMA2_Stream0_IRQHandler
                0x0000000008001be8                TIM4_IRQHandler
                0x0000000008001be8                I2C1_EV_IRQHandler
                0x0000000008001be8                DMA1_Stream6_IRQHandler
                0x0000000008001be8                DMA1_Stream1_IRQHandler
                0x0000000008001be8                UART4_IRQHandler
                0x0000000008001be8                TIM3_IRQHandler
                0x0000000008001be8                RCC_IRQHandler
                0x0000000008001be8                TIM8_BRK_TIM12_IRQHandler
                0x0000000008001be8                Default_Handler
                0x0000000008001be8                EXTI15_10_IRQHandler
                0x0000000008001be8                ADC_IRQHandler
                0x0000000008001be8                DMA1_Stream7_IRQHandler
                0x0000000008001be8                TIM7_IRQHandler
                0x0000000008001be8                CAN2_TX_IRQHandler
                0x0000000008001be8                TIM5_IRQHandler
                0x0000000008001be8                DMA2_Stream7_IRQHandler
                0x0000000008001be8                I2C3_EV_IRQHandler
                0x0000000008001be8                EXTI9_5_IRQHandler
                0x0000000008001be8                RTC_WKUP_IRQHandler
                0x0000000008001be8                ETH_WKUP_IRQHandler
                0x0000000008001be8                SPI2_IRQHandler
                0x0000000008001be8                OTG_HS_EP1_IN_IRQHandler
                0x0000000008001be8                DMA1_Stream0_IRQHandler
                0x0000000008001be8                CAN1_TX_IRQHandler
                0x0000000008001be8                EXTI4_IRQHandler
                0x0000000008001be8                FSMC_IRQHandler
                0x0000000008001be8                ETH_IRQHandler
                0x0000000008001be8                OTG_HS_EP1_OUT_IRQHandler
                0x0000000008001be8                WWDG_IRQHandler
                0x0000000008001be8                TIM2_IRQHandler
                0x0000000008001be8                OTG_FS_WKUP_IRQHandler
                0x0000000008001be8                TIM1_TRG_COM_TIM11_IRQHandler
                0x0000000008001be8                OTG_HS_IRQHandler
                0x0000000008001be8                EXTI1_IRQHandler
                0x0000000008001be8                USART2_IRQHandler
                0x0000000008001be8                I2C2_ER_IRQHandler
                0x0000000008001be8                DMA2_Stream1_IRQHandler
                0x0000000008001be8                CAN1_SCE_IRQHandler
                0x0000000008001be8                FLASH_IRQHandler
                0x0000000008001be8                DMA2_Stream4_IRQHandler
                0x0000000008001be8                USART1_IRQHandler
                0x0000000008001be8                OTG_FS_IRQHandler
                0x0000000008001be8                SPI3_IRQHandler
                0x0000000008001be8                DMA1_Stream4_IRQHandler
                0x0000000008001be8                I2C1_ER_IRQHandler
                0x0000000008001be8                DMA2_Stream6_IRQHandler
                0x0000000008001be8                DMA1_Stream3_IRQHandler
 *fill*         0x0000000008001bea        0x2 
 .text.__libc_init_array
                0x0000000008001bec       0x48 /opt/Atollic_TrueSTUDIO_for_STM32_x86_64_9.0.1/ARMTools/bin/../lib/gcc/arm-atollic-eabi/6.3.1/../../../../arm-atollic-eabi/lib/armv7e-m/fpu/libc_nano.a(lib_a-init.o)
                0x0000000008001bec                __libc_init_array
 *(.glue_7)
 .glue_7        0x0000000008001c34        0x0 linker stubs
 *(.glue_7t)
 .glue_7t       0x0000000008001c34        0x0 linker stubs
 *(.eh_frame)
 .eh_frame      0x0000000008001c34        0x0 /opt/Atollic_TrueSTUDIO_for_STM32_x86_64_9.0.1/ARMTools/bin/../lib/gcc/arm-atollic-eabi/6.3.1/armv7e-m/fpu/crtbegin.o
 *(.init)
 .init          0x0000000008001c34        0x4 /opt/Atollic_TrueSTUDIO_for_STM32_x86_64_9.0.1/ARMTools/bin/../lib/gcc/arm-atollic-eabi/6.3.1/armv7e-m/fpu/crti.o
                0x0000000008001c34                _init
 .init          0x0000000008001c38        0x8 /opt/Atollic_TrueSTUDIO_for_STM32_x86_64_9.0.1/ARMTools/bin/../lib/gcc/arm-atollic-eabi/6.3.1/armv7e-m/fpu/crtn.o
 *(.fini)
 .fini          0x0000000008001c40        0x4 /opt/Atollic_TrueSTUDIO_for_STM32_x86_64_9.0.1/ARMTools/bin/../lib/gcc/arm-atollic-eabi/6.3.1/armv7e-m/fpu/crti.o
                0x0000000008001c40                _fini
 .fini          0x0000000008001c44        0x8 /opt/Atollic_TrueSTUDIO_for_STM32_x86_64_9.0.1/ARMTools/bin/../lib/gcc/arm-atollic-eabi/6.3.1/armv7e-m/fpu/crtn.o
                0x0000000008001c4c                . = ALIGN (0x4)
                0x0000000008001c4c                _etext = .

.vfp11_veneer   0x0000000008001c4c        0x0
 .vfp11_veneer  0x0000000008001c4c        0x0 linker stubs

.v4_bx          0x0000000008001c4c        0x0
 .v4_bx         0x0000000008001c4c        0x0 linker stubs

.iplt           0x0000000008001c4c        0x0
 .iplt          0x0000000008001c4c        0x0 /opt/Atollic_TrueSTUDIO_for_STM32_x86_64_9.0.1/ARMTools/bin/../lib/gcc/arm-atollic-eabi/6.3.1/armv7e-m/fpu/crtbegin.o

.rodata         0x0000000008001c4c       0x58
                0x0000000008001c4c                . = ALIGN (0x4)
 *(.rodata)
 .rodata        0x0000000008001c4c       0x19 Core/Src/main.o
 *(.rodata*)
 .rodata.MX_ADC1_Init.str1.1
                0x0000000008001c65       0x12 Core/Src/adc.o
 .rodata.AHBPrescTable
                0x0000000008001c77       0x10 Core/Src/system_stm32f4xx.o
                0x0000000008001c77                AHBPrescTable
 .rodata.APBPrescTable
                0x0000000008001c87        0x8 Core/Src/system_stm32f4xx.o
                0x0000000008001c87                APBPrescTable
 .rodata.MX_USART2_UART_Init.str1.1
                0x0000000008001c8f       0x14 Core/Src/usart.o
                0x0000000008001ca4                . = ALIGN (0x4)
 *fill*         0x0000000008001ca3        0x1 

.ARM.extab
 *(.ARM.extab* .gnu.linkonce.armextab.*)

.ARM            0x0000000008001ca4        0x8
                0x0000000008001ca4                __exidx_start = .
 *(.ARM.exidx*)
 .ARM.exidx     0x0000000008001ca4        0x8 /opt/Atollic_TrueSTUDIO_for_STM32_x86_64_9.0.1/ARMTools/bin/../lib/gcc/arm-atollic-eabi/6.3.1/armv7e-m/fpu/libgcc.a(_udivmoddi4.o)
                0x0000000008001cac                __exidx_end = .

.rel.dyn        0x0000000008001cac        0x0
 .rel.iplt      0x0000000008001cac        0x0 /opt/Atollic_TrueSTUDIO_for_STM32_x86_64_9.0.1/ARMTools/bin/../lib/gcc/arm-atollic-eabi/6.3.1/armv7e-m/fpu/crtbegin.o

.preinit_array  0x0000000008001cac        0x0
                0x0000000008001cac                PROVIDE (__preinit_array_start, .)
 *(.preinit_array*)
                0x0000000008001cac                PROVIDE (__preinit_array_end, .)

.init_array     0x0000000008001cac        0x4
                0x0000000008001cac                PROVIDE (__init_array_start, .)
 *(SORT(.init_array.*))
 *(.init_array*)
 .init_array    0x0000000008001cac        0x4 /opt/Atollic_TrueSTUDIO_for_STM32_x86_64_9.0.1/ARMTools/bin/../lib/gcc/arm-atollic-eabi/6.3.1/armv7e-m/fpu/crtbegin.o
                0x0000000008001cb0                PROVIDE (__init_array_end, .)

.fini_array     0x0000000008001cb0        0x4
                [!provide]                        PROVIDE (__fini_array_start, .)
 *(SORT(.fini_array.*))
 *(.fini_array*)
 .fini_array    0x0000000008001cb0        0x4 /opt/Atollic_TrueSTUDIO_for_STM32_x86_64_9.0.1/ARMTools/bin/../lib/gcc/arm-atollic-eabi/6.3.1/armv7e-m/fpu/crtbegin.o
                [!provide]                        PROVIDE (__fini_array_end, .)
                0x0000000008001cb4                _sidata = LOADADDR (.data)

.data           0x0000000020000000       0x2c load address 0x0000000008001cb4
                0x0000000020000000                . = ALIGN (0x4)
                0x0000000020000000                _sdata = .
 *(.data)
 *(.data*)
 .data.menu1    0x0000000020000000       0x10 Core/Src/main.o
                0x0000000020000000                menu1
 .data.menu2    0x0000000020000010       0x10 Core/Src/main.o
                0x0000000020000010                menu2
 .data.SystemCoreClock
                0x0000000020000020        0x4 Core/Src/system_stm32f4xx.o
                0x0000000020000020                SystemCoreClock
 .data.uwTickFreq
                0x0000000020000024        0x1 Drivers/STM32F4xx_HAL_Driver/Src/stm32f4xx_hal.o
                0x0000000020000024                uwTickFreq
 *fill*         0x0000000020000025        0x3 
 .data.uwTickPrio
                0x0000000020000028        0x4 Drivers/STM32F4xx_HAL_Driver/Src/stm32f4xx_hal.o
                0x0000000020000028                uwTickPrio
                0x000000002000002c                . = ALIGN (0x4)
                0x000000002000002c                _edata = .
                0x0000000008001ce0                _siccmram = LOADADDR (.ccmram)

.igot.plt       0x000000002000002c        0x0 load address 0x0000000008001ce0
 .igot.plt      0x000000002000002c        0x0 /opt/Atollic_TrueSTUDIO_for_STM32_x86_64_9.0.1/ARMTools/bin/../lib/gcc/arm-atollic-eabi/6.3.1/armv7e-m/fpu/crtbegin.o

.ccmram         0x0000000010000000        0x0 load address 0x0000000008001ce0
                0x0000000010000000                . = ALIGN (0x4)
                0x0000000010000000                _sccmram = .
 *(.ccmram)
 *(.ccmram*)
                0x0000000010000000                . = ALIGN (0x4)
                0x0000000010000000                _eccmram = .
                0x0000000010000000                . = ALIGN (0x4)

.bss            0x000000002000002c       0xf4
                0x000000002000002c                _sbss = .
                0x000000002000002c                __bss_start__ = _sbss
 *(.bss)
 .bss           0x000000002000002c       0x1c /opt/Atollic_TrueSTUDIO_for_STM32_x86_64_9.0.1/ARMTools/bin/../lib/gcc/arm-atollic-eabi/6.3.1/armv7e-m/fpu/crtbegin.o
 *(.bss*)
 .bss.tempo     0x0000000020000048        0x1 Core/Src/main.o
                0x0000000020000048                tempo
 *(COMMON)
 *fill*         0x0000000020000049        0x3 
 COMMON         0x000000002000004c       0x48 Core/Src/adc.o
                0x000000002000004c                hadc1
 COMMON         0x0000000020000094        0x2 Core/Src/adc_keyboard.o
                0x0000000020000094                aux
 *fill*         0x0000000020000096        0x2 
 COMMON         0x0000000020000098        0x8 Core/Src/keyboard.o
                0x0000000020000098                Keyboard
 COMMON         0x00000000200000a0       0x3c Core/Src/main.o
                0x00000000200000a0                lcd
                0x00000000200000c4                Menu
 COMMON         0x00000000200000dc       0x40 Core/Src/usart.o
                0x00000000200000dc                huart2
 COMMON         0x000000002000011c        0x4 Drivers/STM32F4xx_HAL_Driver/Src/stm32f4xx_hal.o
                0x000000002000011c                uwTick
                0x0000000020000120                . = ALIGN (0x4)
                0x0000000020000120                _ebss = .
                0x0000000020000120                __bss_end__ = _ebss

._user_heap_stack
                0x0000000020000120      0x600
                0x0000000020000120                . = ALIGN (0x4)
                [!provide]                        PROVIDE (end, .)
                [!provide]                        PROVIDE (_end, .)
                0x0000000020000320                . = (. + _Min_Heap_Size)
 *fill*         0x0000000020000120      0x200 
                0x0000000020000720                . = (. + _Min_Stack_Size)
 *fill*         0x0000000020000320      0x400 
                0x0000000020000720                . = ALIGN (0x4)

/DISCARD/
 libc.a(*)
 libm.a(*)
 libgcc.a(*)

.ARM.attributes
                0x0000000000000000       0x30
 *(.ARM.attributes)
 .ARM.attributes
                0x0000000000000000       0x22 /opt/Atollic_TrueSTUDIO_for_STM32_x86_64_9.0.1/ARMTools/bin/../lib/gcc/arm-atollic-eabi/6.3.1/armv7e-m/fpu/crti.o
 .ARM.attributes
                0x0000000000000022       0x34 /opt/Atollic_TrueSTUDIO_for_STM32_x86_64_9.0.1/ARMTools/bin/../lib/gcc/arm-atollic-eabi/6.3.1/armv7e-m/fpu/crtbegin.o
 .ARM.attributes
                0x0000000000000056       0x39 Core/Src/ADM1602s.o
 .ARM.attributes
                0x000000000000008f       0x39 Core/Src/adc.o
 .ARM.attributes
                0x00000000000000c8       0x39 Core/Src/adc_keyboard.o
 .ARM.attributes
                0x0000000000000101       0x39 Core/Src/display.o
 .ARM.attributes
                0x000000000000013a       0x39 Core/Src/gpio.o
 .ARM.attributes
                0x0000000000000173       0x39 Core/Src/keyboard.o
 .ARM.attributes
                0x00000000000001ac       0x39 Core/Src/main.o
 .ARM.attributes
                0x00000000000001e5       0x39 Core/Src/menu.o
 .ARM.attributes
                0x000000000000021e       0x39 Core/Src/stm32f4xx_hal_msp.o
 .ARM.attributes
                0x0000000000000257       0x39 Core/Src/stm32f4xx_it.o
 .ARM.attributes
                0x0000000000000290       0x39 Core/Src/system_stm32f4xx.o
 .ARM.attributes
                0x00000000000002c9       0x39 Core/Src/usart.o
 .ARM.attributes
                0x0000000000000302       0x39 Drivers/STM32F4xx_HAL_Driver/Src/stm32f4xx_hal.o
 .ARM.attributes
                0x000000000000033b       0x39 Drivers/STM32F4xx_HAL_Driver/Src/stm32f4xx_hal_adc.o
 .ARM.attributes
                0x0000000000000374       0x39 Drivers/STM32F4xx_HAL_Driver/Src/stm32f4xx_hal_cortex.o
 .ARM.attributes
                0x00000000000003ad       0x39 Drivers/STM32F4xx_HAL_Driver/Src/stm32f4xx_hal_gpio.o
 .ARM.attributes
                0x00000000000003e6       0x39 Drivers/STM32F4xx_HAL_Driver/Src/stm32f4xx_hal_rcc.o
 .ARM.attributes
                0x000000000000041f       0x39 Drivers/STM32F4xx_HAL_Driver/Src/stm32f4xx_hal_uart.o
 .ARM.attributes
                0x0000000000000458       0x21 startup/startup_stm32f407xx.o
 .ARM.attributes
                0x0000000000000479       0x34 /opt/Atollic_TrueSTUDIO_for_STM32_x86_64_9.0.1/ARMTools/bin/../lib/gcc/arm-atollic-eabi/6.3.1/../../../../arm-atollic-eabi/lib/armv7e-m/fpu/libc_nano.a(lib_a-init.o)
 .ARM.attributes
                0x00000000000004ad       0x22 /opt/Atollic_TrueSTUDIO_for_STM32_x86_64_9.0.1/ARMTools/bin/../lib/gcc/arm-atollic-eabi/6.3.1/armv7e-m/fpu/libgcc.a(_aeabi_uldivmod.o)
 .ARM.attributes
                0x00000000000004cf       0x34 /opt/Atollic_TrueSTUDIO_for_STM32_x86_64_9.0.1/ARMTools/bin/../lib/gcc/arm-atollic-eabi/6.3.1/armv7e-m/fpu/libgcc.a(_udivmoddi4.o)
 .ARM.attributes
                0x0000000000000503       0x22 /opt/Atollic_TrueSTUDIO_for_STM32_x86_64_9.0.1/ARMTools/bin/../lib/gcc/arm-atollic-eabi/6.3.1/armv7e-m/fpu/libgcc.a(_dvmd_tls.o)
 .ARM.attributes
                0x0000000000000525       0x22 /opt/Atollic_TrueSTUDIO_for_STM32_x86_64_9.0.1/ARMTools/bin/../lib/gcc/arm-atollic-eabi/6.3.1/armv7e-m/fpu/crtn.o
OUTPUT(disp1602_menu.elf elf32-littlearm)

.debug_info     0x0000000000000000    0x11d65
 .debug_info    0x0000000000000000      0xf3b Core/Src/ADM1602s.o
 .debug_info    0x0000000000000f3b     0x1250 Core/Src/adc.o
 .debug_info    0x000000000000218b      0xe3d Core/Src/adc_keyboard.o
 .debug_info    0x0000000000002fc8      0xb6a Core/Src/display.o
 .debug_info    0x0000000000003b32      0xd4a Core/Src/gpio.o
 .debug_info    0x000000000000487c      0x184 Core/Src/keyboard.o
 .debug_info    0x0000000000004a00     0x1b69 Core/Src/main.o
 .debug_info    0x0000000000006569      0x33e Core/Src/menu.o
 .debug_info    0x00000000000068a7      0xc61 Core/Src/stm32f4xx_hal_msp.o
 .debug_info    0x0000000000007508      0x9de Core/Src/stm32f4xx_it.o
 .debug_info    0x0000000000007ee6      0xd1c Core/Src/system_stm32f4xx.o
 .debug_info    0x0000000000008c02     0x117c Core/Src/usart.o
 .debug_info    0x0000000000009d7e     0x11ec Drivers/STM32F4xx_HAL_Driver/Src/stm32f4xx_hal.o
 .debug_info    0x000000000000af6a     0x15ad Drivers/STM32F4xx_HAL_Driver/Src/stm32f4xx_hal_adc.o
 .debug_info    0x000000000000c517     0x1744 Drivers/STM32F4xx_HAL_Driver/Src/stm32f4xx_hal_cortex.o
 .debug_info    0x000000000000dc5b      0xf88 Drivers/STM32F4xx_HAL_Driver/Src/stm32f4xx_hal_gpio.o
 .debug_info    0x000000000000ebe3     0x1269 Drivers/STM32F4xx_HAL_Driver/Src/stm32f4xx_hal_rcc.o
 .debug_info    0x000000000000fe4c     0x1ea3 Drivers/STM32F4xx_HAL_Driver/Src/stm32f4xx_hal_uart.o
 .debug_info    0x0000000000011cef       0x76 startup/startup_stm32f407xx.o

.debug_abbrev   0x0000000000000000     0x2adc
 .debug_abbrev  0x0000000000000000      0x1f5 Core/Src/ADM1602s.o
 .debug_abbrev  0x00000000000001f5      0x227 Core/Src/adc.o
 .debug_abbrev  0x000000000000041c      0x1fb Core/Src/adc_keyboard.o
 .debug_abbrev  0x0000000000000617      0x232 Core/Src/display.o
 .debug_abbrev  0x0000000000000849      0x1f7 Core/Src/gpio.o
 .debug_abbrev  0x0000000000000a40       0xfe Core/Src/keyboard.o
 .debug_abbrev  0x0000000000000b3e      0x323 Core/Src/main.o
 .debug_abbrev  0x0000000000000e61      0x194 Core/Src/menu.o
 .debug_abbrev  0x0000000000000ff5      0x1d3 Core/Src/stm32f4xx_hal_msp.o
 .debug_abbrev  0x00000000000011c8      0x1fd Core/Src/stm32f4xx_it.o
 .debug_abbrev  0x00000000000013c5      0x1ca Core/Src/system_stm32f4xx.o
 .debug_abbrev  0x000000000000158f      0x227 Core/Src/usart.o
 .debug_abbrev  0x00000000000017b6      0x308 Drivers/STM32F4xx_HAL_Driver/Src/stm32f4xx_hal.o
 .debug_abbrev  0x0000000000001abe      0x321 Drivers/STM32F4xx_HAL_Driver/Src/stm32f4xx_hal_adc.o
 .debug_abbrev  0x0000000000001ddf      0x399 Drivers/STM32F4xx_HAL_Driver/Src/stm32f4xx_hal_cortex.o
 .debug_abbrev  0x0000000000002178      0x268 Drivers/STM32F4xx_HAL_Driver/Src/stm32f4xx_hal_gpio.o
 .debug_abbrev  0x00000000000023e0      0x353 Drivers/STM32F4xx_HAL_Driver/Src/stm32f4xx_hal_rcc.o
 .debug_abbrev  0x0000000000002733      0x397 Drivers/STM32F4xx_HAL_Driver/Src/stm32f4xx_hal_uart.o
 .debug_abbrev  0x0000000000002aca       0x12 startup/startup_stm32f407xx.o

.debug_loc      0x0000000000000000     0x2cff
 .debug_loc     0x0000000000000000       0x63 Core/Src/ADM1602s.o
 .debug_loc     0x0000000000000063       0x4d Core/Src/adc.o
 .debug_loc     0x00000000000000b0      0x151 Core/Src/display.o
 .debug_loc     0x0000000000000201       0xc2 Core/Src/keyboard.o
 .debug_loc     0x00000000000002c3       0x6e Core/Src/main.o
 .debug_loc     0x0000000000000331       0x84 Core/Src/menu.o
 .debug_loc     0x00000000000003b5      0x11c Core/Src/system_stm32f4xx.o
 .debug_loc     0x00000000000004d1       0x4d Core/Src/usart.o
 .debug_loc     0x000000000000051e      0x11b Drivers/STM32F4xx_HAL_Driver/Src/stm32f4xx_hal.o
 .debug_loc     0x0000000000000639      0x79c Drivers/STM32F4xx_HAL_Driver/Src/stm32f4xx_hal_adc.o
 .debug_loc     0x0000000000000dd5      0x4fb Drivers/STM32F4xx_HAL_Driver/Src/stm32f4xx_hal_cortex.o
 .debug_loc     0x00000000000012d0      0x3cd Drivers/STM32F4xx_HAL_Driver/Src/stm32f4xx_hal_gpio.o
 .debug_loc     0x000000000000169d      0x336 Drivers/STM32F4xx_HAL_Driver/Src/stm32f4xx_hal_rcc.o
 .debug_loc     0x00000000000019d3     0x132c Drivers/STM32F4xx_HAL_Driver/Src/stm32f4xx_hal_uart.o

.debug_aranges  0x0000000000000000      0x750
 .debug_aranges
                0x0000000000000000       0x38 Core/Src/ADM1602s.o
 .debug_aranges
                0x0000000000000038       0x30 Core/Src/adc.o
 .debug_aranges
                0x0000000000000068       0x28 Core/Src/adc_keyboard.o
 .debug_aranges
                0x0000000000000090       0x38 Core/Src/display.o
 .debug_aranges
                0x00000000000000c8       0x20 Core/Src/gpio.o
 .debug_aranges
                0x00000000000000e8       0x28 Core/Src/keyboard.o
 .debug_aranges
                0x0000000000000110       0x68 Core/Src/main.o
 .debug_aranges
                0x0000000000000178       0x68 Core/Src/menu.o
 .debug_aranges
                0x00000000000001e0       0x20 Core/Src/stm32f4xx_hal_msp.o
 .debug_aranges
                0x0000000000000200       0x48 Core/Src/stm32f4xx_it.o
 .debug_aranges
                0x0000000000000248       0x28 Core/Src/system_stm32f4xx.o
 .debug_aranges
                0x0000000000000270       0x30 Core/Src/usart.o
 .debug_aranges
                0x00000000000002a0       0xd8 Drivers/STM32F4xx_HAL_Driver/Src/stm32f4xx_hal.o
 .debug_aranges
                0x0000000000000378       0xb8 Drivers/STM32F4xx_HAL_Driver/Src/stm32f4xx_hal_adc.o
 .debug_aranges
                0x0000000000000430       0xa8 Drivers/STM32F4xx_HAL_Driver/Src/stm32f4xx_hal_cortex.o
 .debug_aranges
                0x00000000000004d8       0x58 Drivers/STM32F4xx_HAL_Driver/Src/stm32f4xx_hal_gpio.o
 .debug_aranges
                0x0000000000000530       0x88 Drivers/STM32F4xx_HAL_Driver/Src/stm32f4xx_hal_rcc.o
 .debug_aranges
                0x00000000000005b8      0x170 Drivers/STM32F4xx_HAL_Driver/Src/stm32f4xx_hal_uart.o
 .debug_aranges
                0x0000000000000728       0x28 startup/startup_stm32f407xx.o

.debug_ranges   0x0000000000000000      0x7c0
 .debug_ranges  0x0000000000000000       0x28 Core/Src/ADM1602s.o
 .debug_ranges  0x0000000000000028       0x40 Core/Src/adc.o
 .debug_ranges  0x0000000000000068       0x18 Core/Src/adc_keyboard.o
 .debug_ranges  0x0000000000000080       0x28 Core/Src/display.o
 .debug_ranges  0x00000000000000a8       0x40 Core/Src/gpio.o
 .debug_ranges  0x00000000000000e8       0x18 Core/Src/keyboard.o
 .debug_ranges  0x0000000000000100       0x58 Core/Src/main.o
 .debug_ranges  0x0000000000000158       0x58 Core/Src/menu.o
 .debug_ranges  0x00000000000001b0       0x10 Core/Src/stm32f4xx_hal_msp.o
 .debug_ranges  0x00000000000001c0       0x38 Core/Src/stm32f4xx_it.o
 .debug_ranges  0x00000000000001f8       0x18 Core/Src/system_stm32f4xx.o
 .debug_ranges  0x0000000000000210       0x38 Core/Src/usart.o
 .debug_ranges  0x0000000000000248       0xc8 Drivers/STM32F4xx_HAL_Driver/Src/stm32f4xx_hal.o
 .debug_ranges  0x0000000000000310       0xc8 Drivers/STM32F4xx_HAL_Driver/Src/stm32f4xx_hal_adc.o
 .debug_ranges  0x00000000000003d8      0x138 Drivers/STM32F4xx_HAL_Driver/Src/stm32f4xx_hal_cortex.o
 .debug_ranges  0x0000000000000510       0x68 Drivers/STM32F4xx_HAL_Driver/Src/stm32f4xx_hal_gpio.o
 .debug_ranges  0x0000000000000578       0xb0 Drivers/STM32F4xx_HAL_Driver/Src/stm32f4xx_hal_rcc.o
 .debug_ranges  0x0000000000000628      0x178 Drivers/STM32F4xx_HAL_Driver/Src/stm32f4xx_hal_uart.o
 .debug_ranges  0x00000000000007a0       0x20 startup/startup_stm32f407xx.o

.debug_line     0x0000000000000000     0x4640
 .debug_line    0x0000000000000000      0x2cc Core/Src/ADM1602s.o
 .debug_line    0x00000000000002cc      0x308 Core/Src/adc.o
 .debug_line    0x00000000000005d4      0x2c0 Core/Src/adc_keyboard.o
 .debug_line    0x0000000000000894      0x2e3 Core/Src/display.o
 .debug_line    0x0000000000000b77      0x27a Core/Src/gpio.o
 .debug_line    0x0000000000000df1      0x16e Core/Src/keyboard.o
 .debug_line    0x0000000000000f5f      0x425 Core/Src/main.o
 .debug_line    0x0000000000001384      0x1d8 Core/Src/menu.o
 .debug_line    0x000000000000155c      0x26d Core/Src/stm32f4xx_hal_msp.o
 .debug_line    0x00000000000017c9      0x2b5 Core/Src/stm32f4xx_it.o
 .debug_line    0x0000000000001a7e      0x259 Core/Src/system_stm32f4xx.o
 .debug_line    0x0000000000001cd7      0x2f6 Core/Src/usart.o
 .debug_line    0x0000000000001fcd      0x471 Drivers/STM32F4xx_HAL_Driver/Src/stm32f4xx_hal.o
 .debug_line    0x000000000000243e      0x737 Drivers/STM32F4xx_HAL_Driver/Src/stm32f4xx_hal_adc.o
 .debug_line    0x0000000000002b75      0x4bb Drivers/STM32F4xx_HAL_Driver/Src/stm32f4xx_hal_cortex.o
 .debug_line    0x0000000000003030      0x459 Drivers/STM32F4xx_HAL_Driver/Src/stm32f4xx_hal_gpio.o
 .debug_line    0x0000000000003489      0x56a Drivers/STM32F4xx_HAL_Driver/Src/stm32f4xx_hal_rcc.o
 .debug_line    0x00000000000039f3      0xbce Drivers/STM32F4xx_HAL_Driver/Src/stm32f4xx_hal_uart.o
 .debug_line    0x00000000000045c1       0x7f startup/startup_stm32f407xx.o

.debug_str      0x0000000000000000     0x29cb
 .debug_str     0x0000000000000000      0x62a Core/Src/ADM1602s.o
                                        0x6cf (size before relaxing)
 .debug_str     0x000000000000062a      0x5bd Core/Src/adc.o
                                        0xc63 (size before relaxing)
 .debug_str     0x0000000000000be7       0x70 Core/Src/adc_keyboard.o
                                        0xa60 (size before relaxing)
 .debug_str     0x0000000000000c57       0x59 Core/Src/display.o
                                        0x6b4 (size before relaxing)
 .debug_str     0x0000000000000cb0       0x3c Core/Src/gpio.o
                                        0x803 (size before relaxing)
 .debug_str     0x0000000000000cec       0x97 Core/Src/keyboard.o
                                        0x24a (size before relaxing)
 .debug_str     0x0000000000000d83      0x98b Core/Src/main.o
                                       0x15ad (size before relaxing)
 .debug_str     0x000000000000170e       0x47 Core/Src/menu.o
                                        0x2f6 (size before relaxing)
 .debug_str     0x0000000000001755       0x49 Core/Src/stm32f4xx_hal_msp.o
                                        0xb6f (size before relaxing)
 .debug_str     0x000000000000179e       0xce Core/Src/stm32f4xx_it.o
                                        0x6f1 (size before relaxing)
 .debug_str     0x000000000000186c       0xaf Core/Src/system_stm32f4xx.o
                                        0x7ce (size before relaxing)
 .debug_str     0x000000000000191b       0x51 Core/Src/usart.o
                                        0xc48 (size before relaxing)
 .debug_str     0x000000000000196c      0x2ef Drivers/STM32F4xx_HAL_Driver/Src/stm32f4xx_hal.o
                                        0xfb8 (size before relaxing)
 .debug_str     0x0000000000001c5b      0x28d Drivers/STM32F4xx_HAL_Driver/Src/stm32f4xx_hal_adc.o
                                        0xdb8 (size before relaxing)
 .debug_str     0x0000000000001ee8      0x327 Drivers/STM32F4xx_HAL_Driver/Src/stm32f4xx_hal_cortex.o
                                       0x108f (size before relaxing)
 .debug_str     0x000000000000220f      0x128 Drivers/STM32F4xx_HAL_Driver/Src/stm32f4xx_hal_gpio.o
                                        0x965 (size before relaxing)
 .debug_str     0x0000000000002337      0x174 Drivers/STM32F4xx_HAL_Driver/Src/stm32f4xx_hal_rcc.o
                                        0xb38 (size before relaxing)
 .debug_str     0x00000000000024ab      0x520 Drivers/STM32F4xx_HAL_Driver/Src/stm32f4xx_hal_uart.o
                                       0x1067 (size before relaxing)

.comment        0x0000000000000000       0x7c
 .comment       0x0000000000000000       0x7c Core/Src/ADM1602s.o
                                         0x7d (size before relaxing)
 .comment       0x000000000000007c       0x7d Core/Src/adc.o
 .comment       0x000000000000007c       0x7d Core/Src/adc_keyboard.o
 .comment       0x000000000000007c       0x7d Core/Src/display.o
 .comment       0x000000000000007c       0x7d Core/Src/gpio.o
 .comment       0x000000000000007c       0x7d Core/Src/keyboard.o
 .comment       0x000000000000007c       0x7d Core/Src/main.o
 .comment       0x000000000000007c       0x7d Core/Src/menu.o
 .comment       0x000000000000007c       0x7d Core/Src/stm32f4xx_hal_msp.o
 .comment       0x000000000000007c       0x7d Core/Src/stm32f4xx_it.o
 .comment       0x000000000000007c       0x7d Core/Src/system_stm32f4xx.o
 .comment       0x000000000000007c       0x7d Core/Src/usart.o
 .comment       0x000000000000007c       0x7d Drivers/STM32F4xx_HAL_Driver/Src/stm32f4xx_hal.o
 .comment       0x000000000000007c       0x7d Drivers/STM32F4xx_HAL_Driver/Src/stm32f4xx_hal_adc.o
 .comment       0x000000000000007c       0x7d Drivers/STM32F4xx_HAL_Driver/Src/stm32f4xx_hal_cortex.o
 .comment       0x000000000000007c       0x7d Drivers/STM32F4xx_HAL_Driver/Src/stm32f4xx_hal_gpio.o
 .comment       0x000000000000007c       0x7d Drivers/STM32F4xx_HAL_Driver/Src/stm32f4xx_hal_rcc.o
 .comment       0x000000000000007c       0x7d Drivers/STM32F4xx_HAL_Driver/Src/stm32f4xx_hal_uart.o

.debug_frame    0x0000000000000000     0x11fc
 .debug_frame   0x0000000000000000       0x8c Core/Src/ADM1602s.o
 .debug_frame   0x000000000000008c       0x54 Core/Src/adc.o
 .debug_frame   0x00000000000000e0       0x38 Core/Src/adc_keyboard.o
 .debug_frame   0x0000000000000118       0x74 Core/Src/display.o
 .debug_frame   0x000000000000018c       0x38 Core/Src/gpio.o
 .debug_frame   0x00000000000001c4       0x48 Core/Src/keyboard.o
 .debug_frame   0x000000000000020c      0x100 Core/Src/main.o
 .debug_frame   0x000000000000030c       0xdc Core/Src/menu.o
 .debug_frame   0x00000000000003e8       0x2c Core/Src/stm32f4xx_hal_msp.o
 .debug_frame   0x0000000000000414       0xac Core/Src/stm32f4xx_it.o
 .debug_frame   0x00000000000004c0       0x38 Core/Src/system_stm32f4xx.o
 .debug_frame   0x00000000000004f8       0x58 Core/Src/usart.o
 .debug_frame   0x0000000000000550      0x1d0 Drivers/STM32F4xx_HAL_Driver/Src/stm32f4xx_hal.o
 .debug_frame   0x0000000000000720      0x244 Drivers/STM32F4xx_HAL_Driver/Src/stm32f4xx_hal_adc.o
 .debug_frame   0x0000000000000964      0x158 Drivers/STM32F4xx_HAL_Driver/Src/stm32f4xx_hal_cortex.o
 .debug_frame   0x0000000000000abc       0xd8 Drivers/STM32F4xx_HAL_Driver/Src/stm32f4xx_hal_gpio.o
 .debug_frame   0x0000000000000b94      0x13c Drivers/STM32F4xx_HAL_Driver/Src/stm32f4xx_hal_rcc.o
 .debug_frame   0x0000000000000cd0      0x4a0 Drivers/STM32F4xx_HAL_Driver/Src/stm32f4xx_hal_uart.o
 .debug_frame   0x0000000000001170       0x2c /opt/Atollic_TrueSTUDIO_for_STM32_x86_64_9.0.1/ARMTools/bin/../lib/gcc/arm-atollic-eabi/6.3.1/../../../../arm-atollic-eabi/lib/armv7e-m/fpu/libc_nano.a(lib_a-init.o)
 .debug_frame   0x000000000000119c       0x2c /opt/Atollic_TrueSTUDIO_for_STM32_x86_64_9.0.1/ARMTools/bin/../lib/gcc/arm-atollic-eabi/6.3.1/armv7e-m/fpu/libgcc.a(_aeabi_uldivmod.o)
 .debug_frame   0x00000000000011c8       0x34 /opt/Atollic_TrueSTUDIO_for_STM32_x86_64_9.0.1/ARMTools/bin/../lib/gcc/arm-atollic-eabi/6.3.1/armv7e-m/fpu/libgcc.a(_udivmoddi4.o)
