Archive member included to satisfy reference by file (symbol)

/opt/Atollic_TrueSTUDIO_for_STM32_x86_64_9.0.1/ARMTools/bin/../lib/gcc/arm-atollic-eabi/6.3.1/../../../../arm-atollic-eabi/lib/armv7e-m/fpu/libc_nano.a(lib_a-init.o)
                              startup/startup_stm32f407xx.o (__libc_init_array)
/opt/Atollic_TrueSTUDIO_for_STM32_x86_64_9.0.1/ARMTools/bin/../lib/gcc/arm-atollic-eabi/6.3.1/armv7e-m/fpu/libgcc.a(_aeabi_uldivmod.o)
                              Drivers/STM32F4xx_HAL_Driver/Src/stm32f4xx_hal_rcc.o (__aeabi_uldivmod)
/opt/Atollic_TrueSTUDIO_for_STM32_x86_64_9.0.1/ARMTools/bin/../lib/gcc/arm-atollic-eabi/6.3.1/armv7e-m/fpu/libgcc.a(_udivmoddi4.o)
                              /opt/Atollic_TrueSTUDIO_for_STM32_x86_64_9.0.1/ARMTools/bin/../lib/gcc/arm-atollic-eabi/6.3.1/armv7e-m/fpu/libgcc.a(_aeabi_uldivmod.o) (__udivmoddi4)
/opt/Atollic_TrueSTUDIO_for_STM32_x86_64_9.0.1/ARMTools/bin/../lib/gcc/arm-atollic-eabi/6.3.1/armv7e-m/fpu/libgcc.a(_dvmd_tls.o)
                              /opt/Atollic_TrueSTUDIO_for_STM32_x86_64_9.0.1/ARMTools/bin/../lib/gcc/arm-atollic-eabi/6.3.1/armv7e-m/fpu/libgcc.a(_aeabi_uldivmod.o) (__aeabi_ldiv0)

Allocating common symbols
Common symbol       size              file

lcd                 0x21              Core/Src/main.o
Keyboard            0x8               Core/Src/keyboard.o
uwTick              0x4               Drivers/STM32F4xx_HAL_Driver/Src/stm32f4xx_hal.o
pFlash              0x20              Drivers/STM32F4xx_HAL_Driver/Src/stm32f4xx_hal_flash.o
aux                 0x2               Core/Src/adc_keyboard.o
hadc1               0x48              Core/Src/adc.o
huart2              0x40              Core/Src/usart.o
Menu                0x18              Core/Src/menu.o

Discarded input sections

 .text          0x0000000000000000        0x0 /opt/Atollic_TrueSTUDIO_for_STM32_x86_64_9.0.1/ARMTools/bin/../lib/gcc/arm-atollic-eabi/6.3.1/armv7e-m/fpu/crti.o
 .data          0x0000000000000000        0x0 /opt/Atollic_TrueSTUDIO_for_STM32_x86_64_9.0.1/ARMTools/bin/../lib/gcc/arm-atollic-eabi/6.3.1/armv7e-m/fpu/crti.o
 .bss           0x0000000000000000        0x0 /opt/Atollic_TrueSTUDIO_for_STM32_x86_64_9.0.1/ARMTools/bin/../lib/gcc/arm-atollic-eabi/6.3.1/armv7e-m/fpu/crti.o
 .data          0x0000000000000000        0x4 /opt/Atollic_TrueSTUDIO_for_STM32_x86_64_9.0.1/ARMTools/bin/../lib/gcc/arm-atollic-eabi/6.3.1/armv7e-m/fpu/crtbegin.o
 .text          0x0000000000000000        0x0 Core/Src/ADM1602s.o
 .data          0x0000000000000000        0x0 Core/Src/ADM1602s.o
 .bss           0x0000000000000000        0x0 Core/Src/ADM1602s.o
 .text          0x0000000000000000        0x0 Core/Src/adc.o
 .data          0x0000000000000000        0x0 Core/Src/adc.o
 .bss           0x0000000000000000        0x0 Core/Src/adc.o
 .text.HAL_ADC_MspDeInit
                0x0000000000000000       0x28 Core/Src/adc.o
 .text          0x0000000000000000        0x0 Core/Src/adc_keyboard.o
 .data          0x0000000000000000        0x0 Core/Src/adc_keyboard.o
 .bss           0x0000000000000000        0x0 Core/Src/adc_keyboard.o
 .text          0x0000000000000000        0x0 Core/Src/display.o
 .data          0x0000000000000000        0x0 Core/Src/display.o
 .bss           0x0000000000000000        0x0 Core/Src/display.o
 .text.lcdCmdWrite
                0x0000000000000000        0x2 Core/Src/display.o
 .text          0x0000000000000000        0x0 Core/Src/gpio.o
 .data          0x0000000000000000        0x0 Core/Src/gpio.o
 .bss           0x0000000000000000        0x0 Core/Src/gpio.o
 .text          0x0000000000000000        0x0 Core/Src/keyboard.o
 .data          0x0000000000000000        0x0 Core/Src/keyboard.o
 .bss           0x0000000000000000        0x0 Core/Src/keyboard.o
 .text          0x0000000000000000        0x0 Core/Src/main.o
 .data          0x0000000000000000        0x0 Core/Src/main.o
 .bss           0x0000000000000000        0x0 Core/Src/main.o
 .text          0x0000000000000000        0x0 Core/Src/menu.o
 .data          0x0000000000000000        0x0 Core/Src/menu.o
 .bss           0x0000000000000000        0x0 Core/Src/menu.o
 .text.Menu_Init
                0x0000000000000000        0x2 Core/Src/menu.o
 .text.Menu_SetPosition
                0x0000000000000000       0x10 Core/Src/menu.o
 .text._Menu_EnterPosition
                0x0000000000000000       0x1c Core/Src/menu.o
 .text.Menu_Next
                0x0000000000000000       0x28 Core/Src/menu.o
 .text.Menu_Prev
                0x0000000000000000       0x20 Core/Src/menu.o
 .text.Menu_SetKey
                0x0000000000000000        0xc Core/Src/menu.o
 .text.Menu_Draw
                0x0000000000000000        0xc Core/Src/menu.o
 .text.Menu_Reset
                0x0000000000000000       0x1c Core/Src/menu.o
 .text.Menu_Runtime
                0x0000000000000000       0x18 Core/Src/menu.o
 .debug_info    0x0000000000000000      0x298 Core/Src/menu.o
 .debug_abbrev  0x0000000000000000      0x16f Core/Src/menu.o
 .debug_loc     0x0000000000000000       0x63 Core/Src/menu.o
 .debug_aranges
                0x0000000000000000       0x60 Core/Src/menu.o
 .debug_ranges  0x0000000000000000       0x50 Core/Src/menu.o
 .debug_line    0x0000000000000000      0x1bb Core/Src/menu.o
 .debug_str     0x0000000000000000      0x29e Core/Src/menu.o
 .comment       0x0000000000000000       0x7d Core/Src/menu.o
 .debug_frame   0x0000000000000000       0xcc Core/Src/menu.o
 .ARM.attributes
                0x0000000000000000       0x39 Core/Src/menu.o
 COMMON         0x0000000000000000       0x18 Core/Src/menu.o
 .text          0x0000000000000000        0x0 Core/Src/stm32f4xx_hal_msp.o
 .data          0x0000000000000000        0x0 Core/Src/stm32f4xx_hal_msp.o
 .bss           0x0000000000000000        0x0 Core/Src/stm32f4xx_hal_msp.o
 .text          0x0000000000000000        0x0 Core/Src/stm32f4xx_it.o
 .data          0x0000000000000000        0x0 Core/Src/stm32f4xx_it.o
 .bss           0x0000000000000000        0x0 Core/Src/stm32f4xx_it.o
 .text          0x0000000000000000        0x0 Core/Src/system_stm32f4xx.o
 .data          0x0000000000000000        0x0 Core/Src/system_stm32f4xx.o
 .bss           0x0000000000000000        0x0 Core/Src/system_stm32f4xx.o
 .text.SystemCoreClockUpdate
                0x0000000000000000       0x74 Core/Src/system_stm32f4xx.o
 .text          0x0000000000000000        0x0 Core/Src/usart.o
 .data          0x0000000000000000        0x0 Core/Src/usart.o
 .bss           0x0000000000000000        0x0 Core/Src/usart.o
 .text.HAL_UART_MspDeInit
                0x0000000000000000       0x28 Core/Src/usart.o
 .text          0x0000000000000000        0x0 Drivers/STM32F4xx_HAL_Driver/Src/stm32f4xx_hal.o
 .data          0x0000000000000000        0x0 Drivers/STM32F4xx_HAL_Driver/Src/stm32f4xx_hal.o
 .bss           0x0000000000000000        0x0 Drivers/STM32F4xx_HAL_Driver/Src/stm32f4xx_hal.o
 .text.HAL_MspInit
                0x0000000000000000        0x2 Drivers/STM32F4xx_HAL_Driver/Src/stm32f4xx_hal.o
 .text.HAL_MspDeInit
                0x0000000000000000        0x2 Drivers/STM32F4xx_HAL_Driver/Src/stm32f4xx_hal.o
 .text.HAL_DeInit
                0x0000000000000000       0x2c Drivers/STM32F4xx_HAL_Driver/Src/stm32f4xx_hal.o
 .text.HAL_GetTickPrio
                0x0000000000000000        0xc Drivers/STM32F4xx_HAL_Driver/Src/stm32f4xx_hal.o
 .text.HAL_SetTickFreq
                0x0000000000000000       0x24 Drivers/STM32F4xx_HAL_Driver/Src/stm32f4xx_hal.o
 .text.HAL_GetTickFreq
                0x0000000000000000        0xc Drivers/STM32F4xx_HAL_Driver/Src/stm32f4xx_hal.o
 .text.HAL_SuspendTick
                0x0000000000000000       0x10 Drivers/STM32F4xx_HAL_Driver/Src/stm32f4xx_hal.o
 .text.HAL_ResumeTick
                0x0000000000000000       0x10 Drivers/STM32F4xx_HAL_Driver/Src/stm32f4xx_hal.o
 .text.HAL_GetHalVersion
                0x0000000000000000        0x8 Drivers/STM32F4xx_HAL_Driver/Src/stm32f4xx_hal.o
 .text.HAL_GetREVID
                0x0000000000000000        0xc Drivers/STM32F4xx_HAL_Driver/Src/stm32f4xx_hal.o
 .text.HAL_GetDEVID
                0x0000000000000000       0x10 Drivers/STM32F4xx_HAL_Driver/Src/stm32f4xx_hal.o
 .text.HAL_DBGMCU_EnableDBGSleepMode
                0x0000000000000000       0x10 Drivers/STM32F4xx_HAL_Driver/Src/stm32f4xx_hal.o
 .text.HAL_DBGMCU_DisableDBGSleepMode
                0x0000000000000000       0x10 Drivers/STM32F4xx_HAL_Driver/Src/stm32f4xx_hal.o
 .text.HAL_DBGMCU_EnableDBGStopMode
                0x0000000000000000       0x10 Drivers/STM32F4xx_HAL_Driver/Src/stm32f4xx_hal.o
 .text.HAL_DBGMCU_DisableDBGStopMode
                0x0000000000000000       0x10 Drivers/STM32F4xx_HAL_Driver/Src/stm32f4xx_hal.o
 .text.HAL_DBGMCU_EnableDBGStandbyMode
                0x0000000000000000       0x10 Drivers/STM32F4xx_HAL_Driver/Src/stm32f4xx_hal.o
 .text.HAL_DBGMCU_DisableDBGStandbyMode
                0x0000000000000000       0x10 Drivers/STM32F4xx_HAL_Driver/Src/stm32f4xx_hal.o
 .text.HAL_EnableCompensationCell
                0x0000000000000000        0xc Drivers/STM32F4xx_HAL_Driver/Src/stm32f4xx_hal.o
 .text.HAL_DisableCompensationCell
                0x0000000000000000        0xc Drivers/STM32F4xx_HAL_Driver/Src/stm32f4xx_hal.o
 .text.HAL_GetUID
                0x0000000000000000       0x20 Drivers/STM32F4xx_HAL_Driver/Src/stm32f4xx_hal.o
 .text          0x0000000000000000        0x0 Drivers/STM32F4xx_HAL_Driver/Src/stm32f4xx_hal_adc.o
 .data          0x0000000000000000        0x0 Drivers/STM32F4xx_HAL_Driver/Src/stm32f4xx_hal_adc.o
 .bss           0x0000000000000000        0x0 Drivers/STM32F4xx_HAL_Driver/Src/stm32f4xx_hal_adc.o
 .text.HAL_ADC_MspInit
                0x0000000000000000        0x2 Drivers/STM32F4xx_HAL_Driver/Src/stm32f4xx_hal_adc.o
 .text.HAL_ADC_MspDeInit
                0x0000000000000000        0x2 Drivers/STM32F4xx_HAL_Driver/Src/stm32f4xx_hal_adc.o
 .text.HAL_ADC_DeInit
                0x0000000000000000       0x34 Drivers/STM32F4xx_HAL_Driver/Src/stm32f4xx_hal_adc.o
 .text.HAL_ADC_Stop
                0x0000000000000000       0x3c Drivers/STM32F4xx_HAL_Driver/Src/stm32f4xx_hal_adc.o
 .text.HAL_ADC_PollForEvent
                0x0000000000000000       0x66 Drivers/STM32F4xx_HAL_Driver/Src/stm32f4xx_hal_adc.o
 .text.HAL_ADC_Start_IT
                0x0000000000000000       0xcc Drivers/STM32F4xx_HAL_Driver/Src/stm32f4xx_hal_adc.o
 .text.HAL_ADC_Stop_IT
                0x0000000000000000       0x48 Drivers/STM32F4xx_HAL_Driver/Src/stm32f4xx_hal_adc.o
 .text.HAL_ADC_Start_DMA
                0x0000000000000000      0x100 Drivers/STM32F4xx_HAL_Driver/Src/stm32f4xx_hal_adc.o
 .text.HAL_ADC_Stop_DMA
                0x0000000000000000       0x5a Drivers/STM32F4xx_HAL_Driver/Src/stm32f4xx_hal_adc.o
 .text.HAL_ADC_ConvCpltCallback
                0x0000000000000000        0x2 Drivers/STM32F4xx_HAL_Driver/Src/stm32f4xx_hal_adc.o
 .text.ADC_DMAConvCplt
                0x0000000000000000       0x60 Drivers/STM32F4xx_HAL_Driver/Src/stm32f4xx_hal_adc.o
 .text.HAL_ADC_ConvHalfCpltCallback
                0x0000000000000000        0x2 Drivers/STM32F4xx_HAL_Driver/Src/stm32f4xx_hal_adc.o
 .text.ADC_DMAHalfConvCplt
                0x0000000000000000        0xa Drivers/STM32F4xx_HAL_Driver/Src/stm32f4xx_hal_adc.o
 .text.HAL_ADC_LevelOutOfWindowCallback
                0x0000000000000000        0x2 Drivers/STM32F4xx_HAL_Driver/Src/stm32f4xx_hal_adc.o
 .text.HAL_ADC_ErrorCallback
                0x0000000000000000        0x2 Drivers/STM32F4xx_HAL_Driver/Src/stm32f4xx_hal_adc.o
 .text.HAL_ADC_IRQHandler
                0x0000000000000000      0x128 Drivers/STM32F4xx_HAL_Driver/Src/stm32f4xx_hal_adc.o
 .text.ADC_DMAError
                0x0000000000000000       0x16 Drivers/STM32F4xx_HAL_Driver/Src/stm32f4xx_hal_adc.o
 .text.HAL_ADC_AnalogWDGConfig
                0x0000000000000000       0x5e Drivers/STM32F4xx_HAL_Driver/Src/stm32f4xx_hal_adc.o
 .text.HAL_ADC_GetState
                0x0000000000000000        0x4 Drivers/STM32F4xx_HAL_Driver/Src/stm32f4xx_hal_adc.o
 .text.HAL_ADC_GetError
                0x0000000000000000        0x4 Drivers/STM32F4xx_HAL_Driver/Src/stm32f4xx_hal_adc.o
 .text          0x0000000000000000        0x0 Drivers/STM32F4xx_HAL_Driver/Src/stm32f4xx_hal_adc_ex.o
 .data          0x0000000000000000        0x0 Drivers/STM32F4xx_HAL_Driver/Src/stm32f4xx_hal_adc_ex.o
 .bss           0x0000000000000000        0x0 Drivers/STM32F4xx_HAL_Driver/Src/stm32f4xx_hal_adc_ex.o
 .text.ADC_MultiModeDMAError
                0x0000000000000000       0x12 Drivers/STM32F4xx_HAL_Driver/Src/stm32f4xx_hal_adc_ex.o
 .text.ADC_MultiModeDMAHalfConvCplt
                0x0000000000000000        0x6 Drivers/STM32F4xx_HAL_Driver/Src/stm32f4xx_hal_adc_ex.o
 .text.ADC_MultiModeDMAConvCplt
                0x0000000000000000       0x58 Drivers/STM32F4xx_HAL_Driver/Src/stm32f4xx_hal_adc_ex.o
 .text.HAL_ADCEx_InjectedStart
                0x0000000000000000       0xb4 Drivers/STM32F4xx_HAL_Driver/Src/stm32f4xx_hal_adc_ex.o
 .text.HAL_ADCEx_InjectedStart_IT
                0x0000000000000000       0xbc Drivers/STM32F4xx_HAL_Driver/Src/stm32f4xx_hal_adc_ex.o
 .text.HAL_ADCEx_InjectedStop
                0x0000000000000000       0x5c Drivers/STM32F4xx_HAL_Driver/Src/stm32f4xx_hal_adc_ex.o
 .text.HAL_ADCEx_InjectedPollForConversion
                0x0000000000000000       0x8a Drivers/STM32F4xx_HAL_Driver/Src/stm32f4xx_hal_adc_ex.o
 .text.HAL_ADCEx_InjectedStop_IT
                0x0000000000000000       0x64 Drivers/STM32F4xx_HAL_Driver/Src/stm32f4xx_hal_adc_ex.o
 .text.HAL_ADCEx_InjectedGetValue
                0x0000000000000000       0x32 Drivers/STM32F4xx_HAL_Driver/Src/stm32f4xx_hal_adc_ex.o
 .text.HAL_ADCEx_MultiModeStart_DMA
                0x0000000000000000       0xf8 Drivers/STM32F4xx_HAL_Driver/Src/stm32f4xx_hal_adc_ex.o
 .text.HAL_ADCEx_MultiModeStop_DMA
                0x0000000000000000       0x60 Drivers/STM32F4xx_HAL_Driver/Src/stm32f4xx_hal_adc_ex.o
 .text.HAL_ADCEx_MultiModeGetValue
                0x0000000000000000        0xc Drivers/STM32F4xx_HAL_Driver/Src/stm32f4xx_hal_adc_ex.o
 .text.HAL_ADCEx_InjectedConvCpltCallback
                0x0000000000000000        0x2 Drivers/STM32F4xx_HAL_Driver/Src/stm32f4xx_hal_adc_ex.o
 .text.HAL_ADCEx_InjectedConfigChannel
                0x0000000000000000      0x18c Drivers/STM32F4xx_HAL_Driver/Src/stm32f4xx_hal_adc_ex.o
 .text.HAL_ADCEx_MultiModeConfigChannel
                0x0000000000000000       0x50 Drivers/STM32F4xx_HAL_Driver/Src/stm32f4xx_hal_adc_ex.o
 .debug_info    0x0000000000000000     0x13dd Drivers/STM32F4xx_HAL_Driver/Src/stm32f4xx_hal_adc_ex.o
 .debug_abbrev  0x0000000000000000      0x2e6 Drivers/STM32F4xx_HAL_Driver/Src/stm32f4xx_hal_adc_ex.o
 .debug_loc     0x0000000000000000      0x7a8 Drivers/STM32F4xx_HAL_Driver/Src/stm32f4xx_hal_adc_ex.o
 .debug_aranges
                0x0000000000000000       0x90 Drivers/STM32F4xx_HAL_Driver/Src/stm32f4xx_hal_adc_ex.o
 .debug_ranges  0x0000000000000000       0x80 Drivers/STM32F4xx_HAL_Driver/Src/stm32f4xx_hal_adc_ex.o
 .debug_line    0x0000000000000000      0x610 Drivers/STM32F4xx_HAL_Driver/Src/stm32f4xx_hal_adc_ex.o
 .debug_str     0x0000000000000000      0xe1b Drivers/STM32F4xx_HAL_Driver/Src/stm32f4xx_hal_adc_ex.o
 .comment       0x0000000000000000       0x7d Drivers/STM32F4xx_HAL_Driver/Src/stm32f4xx_hal_adc_ex.o
 .debug_frame   0x0000000000000000      0x160 Drivers/STM32F4xx_HAL_Driver/Src/stm32f4xx_hal_adc_ex.o
 .ARM.attributes
                0x0000000000000000       0x39 Drivers/STM32F4xx_HAL_Driver/Src/stm32f4xx_hal_adc_ex.o
 .text          0x0000000000000000        0x0 Drivers/STM32F4xx_HAL_Driver/Src/stm32f4xx_hal_cortex.o
 .data          0x0000000000000000        0x0 Drivers/STM32F4xx_HAL_Driver/Src/stm32f4xx_hal_cortex.o
 .bss           0x0000000000000000        0x0 Drivers/STM32F4xx_HAL_Driver/Src/stm32f4xx_hal_cortex.o
 .text.HAL_NVIC_EnableIRQ
                0x0000000000000000       0x18 Drivers/STM32F4xx_HAL_Driver/Src/stm32f4xx_hal_cortex.o
 .text.HAL_NVIC_DisableIRQ
                0x0000000000000000       0x1c Drivers/STM32F4xx_HAL_Driver/Src/stm32f4xx_hal_cortex.o
 .text.HAL_NVIC_SystemReset
                0x0000000000000000       0x24 Drivers/STM32F4xx_HAL_Driver/Src/stm32f4xx_hal_cortex.o
 .text.HAL_MPU_Disable
                0x0000000000000000       0x20 Drivers/STM32F4xx_HAL_Driver/Src/stm32f4xx_hal_cortex.o
 .text.HAL_MPU_Enable
                0x0000000000000000       0x24 Drivers/STM32F4xx_HAL_Driver/Src/stm32f4xx_hal_cortex.o
 .text.HAL_MPU_ConfigRegion
                0x0000000000000000       0x50 Drivers/STM32F4xx_HAL_Driver/Src/stm32f4xx_hal_cortex.o
 .text.HAL_NVIC_GetPriorityGrouping
                0x0000000000000000       0x10 Drivers/STM32F4xx_HAL_Driver/Src/stm32f4xx_hal_cortex.o
 .text.HAL_NVIC_GetPriority
                0x0000000000000000       0x58 Drivers/STM32F4xx_HAL_Driver/Src/stm32f4xx_hal_cortex.o
 .text.HAL_NVIC_SetPendingIRQ
                0x0000000000000000       0x1c Drivers/STM32F4xx_HAL_Driver/Src/stm32f4xx_hal_cortex.o
 .text.HAL_NVIC_GetPendingIRQ
                0x0000000000000000       0x1c Drivers/STM32F4xx_HAL_Driver/Src/stm32f4xx_hal_cortex.o
 .text.HAL_NVIC_ClearPendingIRQ
                0x0000000000000000       0x1c Drivers/STM32F4xx_HAL_Driver/Src/stm32f4xx_hal_cortex.o
 .text.HAL_NVIC_GetActive
                0x0000000000000000       0x1c Drivers/STM32F4xx_HAL_Driver/Src/stm32f4xx_hal_cortex.o
 .text          0x0000000000000000        0x0 Drivers/STM32F4xx_HAL_Driver/Src/stm32f4xx_hal_dma.o
 .data          0x0000000000000000        0x0 Drivers/STM32F4xx_HAL_Driver/Src/stm32f4xx_hal_dma.o
 .bss           0x0000000000000000        0x0 Drivers/STM32F4xx_HAL_Driver/Src/stm32f4xx_hal_dma.o
 .text.DMA_CalcBaseAndBitshift
                0x0000000000000000       0x2c Drivers/STM32F4xx_HAL_Driver/Src/stm32f4xx_hal_dma.o
 .text.HAL_DMA_Init
                0x0000000000000000       0xfc Drivers/STM32F4xx_HAL_Driver/Src/stm32f4xx_hal_dma.o
 .text.HAL_DMA_DeInit
                0x0000000000000000       0x48 Drivers/STM32F4xx_HAL_Driver/Src/stm32f4xx_hal_dma.o
 .text.HAL_DMA_Start
                0x0000000000000000       0x54 Drivers/STM32F4xx_HAL_Driver/Src/stm32f4xx_hal_dma.o
 .text.HAL_DMA_Start_IT
                0x0000000000000000       0x7c Drivers/STM32F4xx_HAL_Driver/Src/stm32f4xx_hal_dma.o
 .text.HAL_DMA_Abort
                0x0000000000000000       0x86 Drivers/STM32F4xx_HAL_Driver/Src/stm32f4xx_hal_dma.o
 .text.HAL_DMA_Abort_IT
                0x0000000000000000       0x24 Drivers/STM32F4xx_HAL_Driver/Src/stm32f4xx_hal_dma.o
 .text.HAL_DMA_PollForTransfer
                0x0000000000000000      0x112 Drivers/STM32F4xx_HAL_Driver/Src/stm32f4xx_hal_dma.o
 .text.HAL_DMA_IRQHandler
                0x0000000000000000      0x174 Drivers/STM32F4xx_HAL_Driver/Src/stm32f4xx_hal_dma.o
 .text.HAL_DMA_RegisterCallback
                0x0000000000000000       0x50 Drivers/STM32F4xx_HAL_Driver/Src/stm32f4xx_hal_dma.o
 .text.HAL_DMA_UnRegisterCallback
                0x0000000000000000       0x5c Drivers/STM32F4xx_HAL_Driver/Src/stm32f4xx_hal_dma.o
 .text.HAL_DMA_GetState
                0x0000000000000000        0x6 Drivers/STM32F4xx_HAL_Driver/Src/stm32f4xx_hal_dma.o
 .text.HAL_DMA_GetError
                0x0000000000000000        0x4 Drivers/STM32F4xx_HAL_Driver/Src/stm32f4xx_hal_dma.o
 .rodata.flagBitshiftOffset.8489
                0x0000000000000000        0x8 Drivers/STM32F4xx_HAL_Driver/Src/stm32f4xx_hal_dma.o
 .debug_info    0x0000000000000000     0x125c Drivers/STM32F4xx_HAL_Driver/Src/stm32f4xx_hal_dma.o
 .debug_abbrev  0x0000000000000000      0x34a Drivers/STM32F4xx_HAL_Driver/Src/stm32f4xx_hal_dma.o
 .debug_loc     0x0000000000000000      0x727 Drivers/STM32F4xx_HAL_Driver/Src/stm32f4xx_hal_dma.o
 .debug_aranges
                0x0000000000000000       0x80 Drivers/STM32F4xx_HAL_Driver/Src/stm32f4xx_hal_dma.o
 .debug_ranges  0x0000000000000000       0xc8 Drivers/STM32F4xx_HAL_Driver/Src/stm32f4xx_hal_dma.o
 .debug_line    0x0000000000000000      0x5d6 Drivers/STM32F4xx_HAL_Driver/Src/stm32f4xx_hal_dma.o
 .debug_str     0x0000000000000000      0xbeb Drivers/STM32F4xx_HAL_Driver/Src/stm32f4xx_hal_dma.o
 .comment       0x0000000000000000       0x7d Drivers/STM32F4xx_HAL_Driver/Src/stm32f4xx_hal_dma.o
 .debug_frame   0x0000000000000000      0x150 Drivers/STM32F4xx_HAL_Driver/Src/stm32f4xx_hal_dma.o
 .ARM.attributes
                0x0000000000000000       0x39 Drivers/STM32F4xx_HAL_Driver/Src/stm32f4xx_hal_dma.o
 .text          0x0000000000000000        0x0 Drivers/STM32F4xx_HAL_Driver/Src/stm32f4xx_hal_dma_ex.o
 .data          0x0000000000000000        0x0 Drivers/STM32F4xx_HAL_Driver/Src/stm32f4xx_hal_dma_ex.o
 .bss           0x0000000000000000        0x0 Drivers/STM32F4xx_HAL_Driver/Src/stm32f4xx_hal_dma_ex.o
 .text.HAL_DMAEx_MultiBufferStart
                0x0000000000000000       0x5a Drivers/STM32F4xx_HAL_Driver/Src/stm32f4xx_hal_dma_ex.o
 .text.HAL_DMAEx_MultiBufferStart_IT
                0x0000000000000000      0x3e8 Drivers/STM32F4xx_HAL_Driver/Src/stm32f4xx_hal_dma_ex.o
 .text.HAL_DMAEx_ChangeMemory
                0x0000000000000000        0xe Drivers/STM32F4xx_HAL_Driver/Src/stm32f4xx_hal_dma_ex.o
 .debug_info    0x0000000000000000      0xdee Drivers/STM32F4xx_HAL_Driver/Src/stm32f4xx_hal_dma_ex.o
 .debug_abbrev  0x0000000000000000      0x258 Drivers/STM32F4xx_HAL_Driver/Src/stm32f4xx_hal_dma_ex.o
 .debug_loc     0x0000000000000000      0x452 Drivers/STM32F4xx_HAL_Driver/Src/stm32f4xx_hal_dma_ex.o
 .debug_aranges
                0x0000000000000000       0x30 Drivers/STM32F4xx_HAL_Driver/Src/stm32f4xx_hal_dma_ex.o
 .debug_ranges  0x0000000000000000       0x50 Drivers/STM32F4xx_HAL_Driver/Src/stm32f4xx_hal_dma_ex.o
 .debug_line    0x0000000000000000      0x5f8 Drivers/STM32F4xx_HAL_Driver/Src/stm32f4xx_hal_dma_ex.o
 .debug_str     0x0000000000000000      0x9e0 Drivers/STM32F4xx_HAL_Driver/Src/stm32f4xx_hal_dma_ex.o
 .comment       0x0000000000000000       0x7d Drivers/STM32F4xx_HAL_Driver/Src/stm32f4xx_hal_dma_ex.o
 .debug_frame   0x0000000000000000       0x58 Drivers/STM32F4xx_HAL_Driver/Src/stm32f4xx_hal_dma_ex.o
 .ARM.attributes
                0x0000000000000000       0x39 Drivers/STM32F4xx_HAL_Driver/Src/stm32f4xx_hal_dma_ex.o
 .text          0x0000000000000000        0x0 Drivers/STM32F4xx_HAL_Driver/Src/stm32f4xx_hal_flash.o
 .data          0x0000000000000000        0x0 Drivers/STM32F4xx_HAL_Driver/Src/stm32f4xx_hal_flash.o
 .bss           0x0000000000000000        0x0 Drivers/STM32F4xx_HAL_Driver/Src/stm32f4xx_hal_flash.o
 .text.FLASH_Program_DoubleWord
                0x0000000000000000       0x28 Drivers/STM32F4xx_HAL_Driver/Src/stm32f4xx_hal_flash.o
 .text.FLASH_Program_Word
                0x0000000000000000       0x24 Drivers/STM32F4xx_HAL_Driver/Src/stm32f4xx_hal_flash.o
 .text.FLASH_Program_HalfWord
                0x0000000000000000       0x24 Drivers/STM32F4xx_HAL_Driver/Src/stm32f4xx_hal_flash.o
 .text.FLASH_SetErrorCode
                0x0000000000000000       0x74 Drivers/STM32F4xx_HAL_Driver/Src/stm32f4xx_hal_flash.o
 .text.HAL_FLASH_Program_IT
                0x0000000000000000       0x74 Drivers/STM32F4xx_HAL_Driver/Src/stm32f4xx_hal_flash.o
 .text.HAL_FLASH_EndOfOperationCallback
                0x0000000000000000        0x2 Drivers/STM32F4xx_HAL_Driver/Src/stm32f4xx_hal_flash.o
 .text.HAL_FLASH_OperationErrorCallback
                0x0000000000000000        0x2 Drivers/STM32F4xx_HAL_Driver/Src/stm32f4xx_hal_flash.o
 .text.HAL_FLASH_IRQHandler
                0x0000000000000000       0xc4 Drivers/STM32F4xx_HAL_Driver/Src/stm32f4xx_hal_flash.o
 .text.HAL_FLASH_Unlock
                0x0000000000000000       0x24 Drivers/STM32F4xx_HAL_Driver/Src/stm32f4xx_hal_flash.o
 .text.HAL_FLASH_Lock
                0x0000000000000000       0x14 Drivers/STM32F4xx_HAL_Driver/Src/stm32f4xx_hal_flash.o
 .text.HAL_FLASH_OB_Unlock
                0x0000000000000000       0x24 Drivers/STM32F4xx_HAL_Driver/Src/stm32f4xx_hal_flash.o
 .text.HAL_FLASH_OB_Lock
                0x0000000000000000       0x14 Drivers/STM32F4xx_HAL_Driver/Src/stm32f4xx_hal_flash.o
 .text.HAL_FLASH_GetError
                0x0000000000000000        0xc Drivers/STM32F4xx_HAL_Driver/Src/stm32f4xx_hal_flash.o
 .text.FLASH_WaitForLastOperation
                0x0000000000000000       0x54 Drivers/STM32F4xx_HAL_Driver/Src/stm32f4xx_hal_flash.o
 .text.HAL_FLASH_Program
                0x0000000000000000       0x90 Drivers/STM32F4xx_HAL_Driver/Src/stm32f4xx_hal_flash.o
 .text.HAL_FLASH_OB_Launch
                0x0000000000000000       0x18 Drivers/STM32F4xx_HAL_Driver/Src/stm32f4xx_hal_flash.o
 .debug_info    0x0000000000000000      0xf5b Drivers/STM32F4xx_HAL_Driver/Src/stm32f4xx_hal_flash.o
 .debug_abbrev  0x0000000000000000      0x372 Drivers/STM32F4xx_HAL_Driver/Src/stm32f4xx_hal_flash.o
 .debug_loc     0x0000000000000000      0x2d9 Drivers/STM32F4xx_HAL_Driver/Src/stm32f4xx_hal_flash.o
 .debug_aranges
                0x0000000000000000       0x90 Drivers/STM32F4xx_HAL_Driver/Src/stm32f4xx_hal_flash.o
 .debug_ranges  0x0000000000000000       0xb0 Drivers/STM32F4xx_HAL_Driver/Src/stm32f4xx_hal_flash.o
 .debug_line    0x0000000000000000      0x4bf Drivers/STM32F4xx_HAL_Driver/Src/stm32f4xx_hal_flash.o
 .debug_str     0x0000000000000000      0x9c9 Drivers/STM32F4xx_HAL_Driver/Src/stm32f4xx_hal_flash.o
 .comment       0x0000000000000000       0x7d Drivers/STM32F4xx_HAL_Driver/Src/stm32f4xx_hal_flash.o
 .debug_frame   0x0000000000000000      0x154 Drivers/STM32F4xx_HAL_Driver/Src/stm32f4xx_hal_flash.o
 .ARM.attributes
                0x0000000000000000       0x39 Drivers/STM32F4xx_HAL_Driver/Src/stm32f4xx_hal_flash.o
 COMMON         0x0000000000000000       0x20 Drivers/STM32F4xx_HAL_Driver/Src/stm32f4xx_hal_flash.o
 .text          0x0000000000000000        0x0 Drivers/STM32F4xx_HAL_Driver/Src/stm32f4xx_hal_flash_ex.o
 .data          0x0000000000000000        0x0 Drivers/STM32F4xx_HAL_Driver/Src/stm32f4xx_hal_flash_ex.o
 .bss           0x0000000000000000        0x0 Drivers/STM32F4xx_HAL_Driver/Src/stm32f4xx_hal_flash_ex.o
 .text.FLASH_MassErase.isra.0
                0x0000000000000000       0x24 Drivers/STM32F4xx_HAL_Driver/Src/stm32f4xx_hal_flash_ex.o
 .text.HAL_FLASHEx_OBProgram
                0x0000000000000000       0xb8 Drivers/STM32F4xx_HAL_Driver/Src/stm32f4xx_hal_flash_ex.o
 .text.HAL_FLASHEx_OBGetConfig
                0x0000000000000000       0x48 Drivers/STM32F4xx_HAL_Driver/Src/stm32f4xx_hal_flash_ex.o
 .text.FLASH_Erase_Sector
                0x0000000000000000       0x4c Drivers/STM32F4xx_HAL_Driver/Src/stm32f4xx_hal_flash_ex.o
 .text.HAL_FLASHEx_Erase_IT
                0x0000000000000000       0x60 Drivers/STM32F4xx_HAL_Driver/Src/stm32f4xx_hal_flash_ex.o
 .text.FLASH_FlushCaches
                0x0000000000000000       0x58 Drivers/STM32F4xx_HAL_Driver/Src/stm32f4xx_hal_flash_ex.o
 .text.HAL_FLASHEx_Erase
                0x0000000000000000       0x9c Drivers/STM32F4xx_HAL_Driver/Src/stm32f4xx_hal_flash_ex.o
 .debug_info    0x0000000000000000     0x10a1 Drivers/STM32F4xx_HAL_Driver/Src/stm32f4xx_hal_flash_ex.o
 .debug_abbrev  0x0000000000000000      0x365 Drivers/STM32F4xx_HAL_Driver/Src/stm32f4xx_hal_flash_ex.o
 .debug_loc     0x0000000000000000      0x3e5 Drivers/STM32F4xx_HAL_Driver/Src/stm32f4xx_hal_flash_ex.o
 .debug_aranges
                0x0000000000000000       0x50 Drivers/STM32F4xx_HAL_Driver/Src/stm32f4xx_hal_flash_ex.o
 .debug_ranges  0x0000000000000000       0xd8 Drivers/STM32F4xx_HAL_Driver/Src/stm32f4xx_hal_flash_ex.o
 .debug_line    0x0000000000000000      0x475 Drivers/STM32F4xx_HAL_Driver/Src/stm32f4xx_hal_flash_ex.o
 .debug_str     0x0000000000000000      0xa1f Drivers/STM32F4xx_HAL_Driver/Src/stm32f4xx_hal_flash_ex.o
 .comment       0x0000000000000000       0x7d Drivers/STM32F4xx_HAL_Driver/Src/stm32f4xx_hal_flash_ex.o
 .debug_frame   0x0000000000000000       0xa8 Drivers/STM32F4xx_HAL_Driver/Src/stm32f4xx_hal_flash_ex.o
 .ARM.attributes
                0x0000000000000000       0x39 Drivers/STM32F4xx_HAL_Driver/Src/stm32f4xx_hal_flash_ex.o
 .text          0x0000000000000000        0x0 Drivers/STM32F4xx_HAL_Driver/Src/stm32f4xx_hal_flash_ramfunc.o
 .data          0x0000000000000000        0x0 Drivers/STM32F4xx_HAL_Driver/Src/stm32f4xx_hal_flash_ramfunc.o
 .bss           0x0000000000000000        0x0 Drivers/STM32F4xx_HAL_Driver/Src/stm32f4xx_hal_flash_ramfunc.o
 .debug_info    0x0000000000000000      0x927 Drivers/STM32F4xx_HAL_Driver/Src/stm32f4xx_hal_flash_ramfunc.o
 .debug_abbrev  0x0000000000000000      0x15c Drivers/STM32F4xx_HAL_Driver/Src/stm32f4xx_hal_flash_ramfunc.o
 .debug_aranges
                0x0000000000000000       0x18 Drivers/STM32F4xx_HAL_Driver/Src/stm32f4xx_hal_flash_ramfunc.o
 .debug_line    0x0000000000000000      0x1e2 Drivers/STM32F4xx_HAL_Driver/Src/stm32f4xx_hal_flash_ramfunc.o
 .debug_str     0x0000000000000000      0x665 Drivers/STM32F4xx_HAL_Driver/Src/stm32f4xx_hal_flash_ramfunc.o
 .comment       0x0000000000000000       0x7d Drivers/STM32F4xx_HAL_Driver/Src/stm32f4xx_hal_flash_ramfunc.o
 .ARM.attributes
                0x0000000000000000       0x39 Drivers/STM32F4xx_HAL_Driver/Src/stm32f4xx_hal_flash_ramfunc.o
 .text          0x0000000000000000        0x0 Drivers/STM32F4xx_HAL_Driver/Src/stm32f4xx_hal_gpio.o
 .data          0x0000000000000000        0x0 Drivers/STM32F4xx_HAL_Driver/Src/stm32f4xx_hal_gpio.o
 .bss           0x0000000000000000        0x0 Drivers/STM32F4xx_HAL_Driver/Src/stm32f4xx_hal_gpio.o
 .text.HAL_GPIO_DeInit
                0x0000000000000000      0x130 Drivers/STM32F4xx_HAL_Driver/Src/stm32f4xx_hal_gpio.o
 .text.HAL_GPIO_ReadPin
                0x0000000000000000        0xc Drivers/STM32F4xx_HAL_Driver/Src/stm32f4xx_hal_gpio.o
 .text.HAL_GPIO_TogglePin
                0x0000000000000000        0x8 Drivers/STM32F4xx_HAL_Driver/Src/stm32f4xx_hal_gpio.o
 .text.HAL_GPIO_LockPin
                0x0000000000000000       0x2a Drivers/STM32F4xx_HAL_Driver/Src/stm32f4xx_hal_gpio.o
 .text.HAL_GPIO_EXTI_Callback
                0x0000000000000000        0x2 Drivers/STM32F4xx_HAL_Driver/Src/stm32f4xx_hal_gpio.o
 .text.HAL_GPIO_EXTI_IRQHandler
                0x0000000000000000       0x18 Drivers/STM32F4xx_HAL_Driver/Src/stm32f4xx_hal_gpio.o
 .text          0x0000000000000000        0x0 Drivers/STM32F4xx_HAL_Driver/Src/stm32f4xx_hal_pwr.o
 .data          0x0000000000000000        0x0 Drivers/STM32F4xx_HAL_Driver/Src/stm32f4xx_hal_pwr.o
 .bss           0x0000000000000000        0x0 Drivers/STM32F4xx_HAL_Driver/Src/stm32f4xx_hal_pwr.o
 .text.HAL_PWR_DeInit
                0x0000000000000000       0x18 Drivers/STM32F4xx_HAL_Driver/Src/stm32f4xx_hal_pwr.o
 .text.HAL_PWR_EnableBkUpAccess
                0x0000000000000000        0xc Drivers/STM32F4xx_HAL_Driver/Src/stm32f4xx_hal_pwr.o
 .text.HAL_PWR_DisableBkUpAccess
                0x0000000000000000        0xc Drivers/STM32F4xx_HAL_Driver/Src/stm32f4xx_hal_pwr.o
 .text.HAL_PWR_ConfigPVD
                0x0000000000000000       0x70 Drivers/STM32F4xx_HAL_Driver/Src/stm32f4xx_hal_pwr.o
 .text.HAL_PWR_EnablePVD
                0x0000000000000000        0xc Drivers/STM32F4xx_HAL_Driver/Src/stm32f4xx_hal_pwr.o
 .text.HAL_PWR_DisablePVD
                0x0000000000000000        0xc Drivers/STM32F4xx_HAL_Driver/Src/stm32f4xx_hal_pwr.o
 .text.HAL_PWR_EnableWakeUpPin
                0x0000000000000000       0x10 Drivers/STM32F4xx_HAL_Driver/Src/stm32f4xx_hal_pwr.o
 .text.HAL_PWR_DisableWakeUpPin
                0x0000000000000000       0x10 Drivers/STM32F4xx_HAL_Driver/Src/stm32f4xx_hal_pwr.o
 .text.HAL_PWR_EnterSLEEPMode
                0x0000000000000000       0x20 Drivers/STM32F4xx_HAL_Driver/Src/stm32f4xx_hal_pwr.o
 .text.HAL_PWR_EnterSTOPMode
                0x0000000000000000       0x38 Drivers/STM32F4xx_HAL_Driver/Src/stm32f4xx_hal_pwr.o
 .text.HAL_PWR_EnterSTANDBYMode
                0x0000000000000000       0x20 Drivers/STM32F4xx_HAL_Driver/Src/stm32f4xx_hal_pwr.o
 .text.HAL_PWR_PVDCallback
                0x0000000000000000        0x2 Drivers/STM32F4xx_HAL_Driver/Src/stm32f4xx_hal_pwr.o
 .text.HAL_PWR_PVD_IRQHandler
                0x0000000000000000       0x1c Drivers/STM32F4xx_HAL_Driver/Src/stm32f4xx_hal_pwr.o
 .text.HAL_PWR_EnableSleepOnExit
                0x0000000000000000       0x10 Drivers/STM32F4xx_HAL_Driver/Src/stm32f4xx_hal_pwr.o
 .text.HAL_PWR_DisableSleepOnExit
                0x0000000000000000       0x10 Drivers/STM32F4xx_HAL_Driver/Src/stm32f4xx_hal_pwr.o
 .text.HAL_PWR_EnableSEVOnPend
                0x0000000000000000       0x10 Drivers/STM32F4xx_HAL_Driver/Src/stm32f4xx_hal_pwr.o
 .text.HAL_PWR_DisableSEVOnPend
                0x0000000000000000       0x10 Drivers/STM32F4xx_HAL_Driver/Src/stm32f4xx_hal_pwr.o
 .debug_info    0x0000000000000000      0xfe9 Drivers/STM32F4xx_HAL_Driver/Src/stm32f4xx_hal_pwr.o
 .debug_abbrev  0x0000000000000000      0x21f Drivers/STM32F4xx_HAL_Driver/Src/stm32f4xx_hal_pwr.o
 .debug_loc     0x0000000000000000       0x84 Drivers/STM32F4xx_HAL_Driver/Src/stm32f4xx_hal_pwr.o
 .debug_aranges
                0x0000000000000000       0xa0 Drivers/STM32F4xx_HAL_Driver/Src/stm32f4xx_hal_pwr.o
 .debug_ranges  0x0000000000000000       0x90 Drivers/STM32F4xx_HAL_Driver/Src/stm32f4xx_hal_pwr.o
 .debug_line    0x0000000000000000      0x3e5 Drivers/STM32F4xx_HAL_Driver/Src/stm32f4xx_hal_pwr.o
 .debug_str     0x0000000000000000      0x9ce Drivers/STM32F4xx_HAL_Driver/Src/stm32f4xx_hal_pwr.o
 .comment       0x0000000000000000       0x7d Drivers/STM32F4xx_HAL_Driver/Src/stm32f4xx_hal_pwr.o
 .debug_frame   0x0000000000000000      0x128 Drivers/STM32F4xx_HAL_Driver/Src/stm32f4xx_hal_pwr.o
 .ARM.attributes
                0x0000000000000000       0x39 Drivers/STM32F4xx_HAL_Driver/Src/stm32f4xx_hal_pwr.o
 .text          0x0000000000000000        0x0 Drivers/STM32F4xx_HAL_Driver/Src/stm32f4xx_hal_pwr_ex.o
 .data          0x0000000000000000        0x0 Drivers/STM32F4xx_HAL_Driver/Src/stm32f4xx_hal_pwr_ex.o
 .bss           0x0000000000000000        0x0 Drivers/STM32F4xx_HAL_Driver/Src/stm32f4xx_hal_pwr_ex.o
 .text.HAL_PWREx_EnableBkUpReg
                0x0000000000000000       0x34 Drivers/STM32F4xx_HAL_Driver/Src/stm32f4xx_hal_pwr_ex.o
 .text.HAL_PWREx_DisableBkUpReg
                0x0000000000000000       0x34 Drivers/STM32F4xx_HAL_Driver/Src/stm32f4xx_hal_pwr_ex.o
 .text.HAL_PWREx_EnableFlashPowerDown
                0x0000000000000000        0xc Drivers/STM32F4xx_HAL_Driver/Src/stm32f4xx_hal_pwr_ex.o
 .text.HAL_PWREx_DisableFlashPowerDown
                0x0000000000000000        0xc Drivers/STM32F4xx_HAL_Driver/Src/stm32f4xx_hal_pwr_ex.o
 .text.HAL_PWREx_GetVoltageRange
                0x0000000000000000       0x10 Drivers/STM32F4xx_HAL_Driver/Src/stm32f4xx_hal_pwr_ex.o
 .text.HAL_PWREx_ControlVoltageScaling
                0x0000000000000000       0x5c Drivers/STM32F4xx_HAL_Driver/Src/stm32f4xx_hal_pwr_ex.o
 .debug_info    0x0000000000000000      0xca4 Drivers/STM32F4xx_HAL_Driver/Src/stm32f4xx_hal_pwr_ex.o
 .debug_abbrev  0x0000000000000000      0x22e Drivers/STM32F4xx_HAL_Driver/Src/stm32f4xx_hal_pwr_ex.o
 .debug_loc     0x0000000000000000       0x7e Drivers/STM32F4xx_HAL_Driver/Src/stm32f4xx_hal_pwr_ex.o
 .debug_aranges
                0x0000000000000000       0x48 Drivers/STM32F4xx_HAL_Driver/Src/stm32f4xx_hal_pwr_ex.o
 .debug_ranges  0x0000000000000000       0x68 Drivers/STM32F4xx_HAL_Driver/Src/stm32f4xx_hal_pwr_ex.o
 .debug_line    0x0000000000000000      0x313 Drivers/STM32F4xx_HAL_Driver/Src/stm32f4xx_hal_pwr_ex.o
 .debug_str     0x0000000000000000      0x889 Drivers/STM32F4xx_HAL_Driver/Src/stm32f4xx_hal_pwr_ex.o
 .comment       0x0000000000000000       0x7d Drivers/STM32F4xx_HAL_Driver/Src/stm32f4xx_hal_pwr_ex.o
 .debug_frame   0x0000000000000000       0x98 Drivers/STM32F4xx_HAL_Driver/Src/stm32f4xx_hal_pwr_ex.o
 .ARM.attributes
                0x0000000000000000       0x39 Drivers/STM32F4xx_HAL_Driver/Src/stm32f4xx_hal_pwr_ex.o
 .text          0x0000000000000000        0x0 Drivers/STM32F4xx_HAL_Driver/Src/stm32f4xx_hal_rcc.o
 .data          0x0000000000000000        0x0 Drivers/STM32F4xx_HAL_Driver/Src/stm32f4xx_hal_rcc.o
 .bss           0x0000000000000000        0x0 Drivers/STM32F4xx_HAL_Driver/Src/stm32f4xx_hal_rcc.o
 .text.HAL_RCC_DeInit
                0x0000000000000000        0x4 Drivers/STM32F4xx_HAL_Driver/Src/stm32f4xx_hal_rcc.o
 .text.HAL_RCC_MCOConfig
                0x0000000000000000       0x98 Drivers/STM32F4xx_HAL_Driver/Src/stm32f4xx_hal_rcc.o
 .text.HAL_RCC_EnableCSS
                0x0000000000000000        0xc Drivers/STM32F4xx_HAL_Driver/Src/stm32f4xx_hal_rcc.o
 .text.HAL_RCC_DisableCSS
                0x0000000000000000        0xc Drivers/STM32F4xx_HAL_Driver/Src/stm32f4xx_hal_rcc.o
 .text.HAL_RCC_GetOscConfig
                0x0000000000000000       0x9c Drivers/STM32F4xx_HAL_Driver/Src/stm32f4xx_hal_rcc.o
 .text.HAL_RCC_GetClockConfig
                0x0000000000000000       0x3c Drivers/STM32F4xx_HAL_Driver/Src/stm32f4xx_hal_rcc.o
 .text.HAL_RCC_CSSCallback
                0x0000000000000000        0x2 Drivers/STM32F4xx_HAL_Driver/Src/stm32f4xx_hal_rcc.o
 .text.HAL_RCC_NMI_IRQHandler
                0x0000000000000000       0x20 Drivers/STM32F4xx_HAL_Driver/Src/stm32f4xx_hal_rcc.o
 .text          0x0000000000000000        0x0 Drivers/STM32F4xx_HAL_Driver/Src/stm32f4xx_hal_rcc_ex.o
 .data          0x0000000000000000        0x0 Drivers/STM32F4xx_HAL_Driver/Src/stm32f4xx_hal_rcc_ex.o
 .bss           0x0000000000000000        0x0 Drivers/STM32F4xx_HAL_Driver/Src/stm32f4xx_hal_rcc_ex.o
 .text.HAL_RCCEx_PeriphCLKConfig
                0x0000000000000000      0x130 Drivers/STM32F4xx_HAL_Driver/Src/stm32f4xx_hal_rcc_ex.o
 .text.HAL_RCCEx_GetPeriphCLKConfig
                0x0000000000000000       0x30 Drivers/STM32F4xx_HAL_Driver/Src/stm32f4xx_hal_rcc_ex.o
 .text.HAL_RCCEx_GetPeriphCLKFreq
                0x0000000000000000       0x5c Drivers/STM32F4xx_HAL_Driver/Src/stm32f4xx_hal_rcc_ex.o
 .text.HAL_RCCEx_EnablePLLI2S
                0x0000000000000000       0x60 Drivers/STM32F4xx_HAL_Driver/Src/stm32f4xx_hal_rcc_ex.o
 .text.HAL_RCCEx_DisablePLLI2S
                0x0000000000000000       0x30 Drivers/STM32F4xx_HAL_Driver/Src/stm32f4xx_hal_rcc_ex.o
 .text.HAL_RCC_DeInit
                0x0000000000000000      0x11c Drivers/STM32F4xx_HAL_Driver/Src/stm32f4xx_hal_rcc_ex.o
 .debug_info    0x0000000000000000      0xe75 Drivers/STM32F4xx_HAL_Driver/Src/stm32f4xx_hal_rcc_ex.o
 .debug_abbrev  0x0000000000000000      0x225 Drivers/STM32F4xx_HAL_Driver/Src/stm32f4xx_hal_rcc_ex.o
 .debug_loc     0x0000000000000000      0x2cf Drivers/STM32F4xx_HAL_Driver/Src/stm32f4xx_hal_rcc_ex.o
 .debug_aranges
                0x0000000000000000       0x48 Drivers/STM32F4xx_HAL_Driver/Src/stm32f4xx_hal_rcc_ex.o
 .debug_ranges  0x0000000000000000       0x50 Drivers/STM32F4xx_HAL_Driver/Src/stm32f4xx_hal_rcc_ex.o
 .debug_line    0x0000000000000000      0x40c Drivers/STM32F4xx_HAL_Driver/Src/stm32f4xx_hal_rcc_ex.o
 .debug_str     0x0000000000000000      0x931 Drivers/STM32F4xx_HAL_Driver/Src/stm32f4xx_hal_rcc_ex.o
 .comment       0x0000000000000000       0x7d Drivers/STM32F4xx_HAL_Driver/Src/stm32f4xx_hal_rcc_ex.o
 .debug_frame   0x0000000000000000       0xac Drivers/STM32F4xx_HAL_Driver/Src/stm32f4xx_hal_rcc_ex.o
 .ARM.attributes
                0x0000000000000000       0x39 Drivers/STM32F4xx_HAL_Driver/Src/stm32f4xx_hal_rcc_ex.o
 .text          0x0000000000000000        0x0 Drivers/STM32F4xx_HAL_Driver/Src/stm32f4xx_hal_tim.o
 .data          0x0000000000000000        0x0 Drivers/STM32F4xx_HAL_Driver/Src/stm32f4xx_hal_tim.o
 .bss           0x0000000000000000        0x0 Drivers/STM32F4xx_HAL_Driver/Src/stm32f4xx_hal_tim.o
 .debug_info    0x0000000000000000      0x927 Drivers/STM32F4xx_HAL_Driver/Src/stm32f4xx_hal_tim.o
 .debug_abbrev  0x0000000000000000      0x15c Drivers/STM32F4xx_HAL_Driver/Src/stm32f4xx_hal_tim.o
 .debug_aranges
                0x0000000000000000       0x18 Drivers/STM32F4xx_HAL_Driver/Src/stm32f4xx_hal_tim.o
 .debug_line    0x0000000000000000      0x1e2 Drivers/STM32F4xx_HAL_Driver/Src/stm32f4xx_hal_tim.o
 .debug_str     0x0000000000000000      0x65b Drivers/STM32F4xx_HAL_Driver/Src/stm32f4xx_hal_tim.o
 .comment       0x0000000000000000       0x7d Drivers/STM32F4xx_HAL_Driver/Src/stm32f4xx_hal_tim.o
 .ARM.attributes
                0x0000000000000000       0x39 Drivers/STM32F4xx_HAL_Driver/Src/stm32f4xx_hal_tim.o
 .text          0x0000000000000000        0x0 Drivers/STM32F4xx_HAL_Driver/Src/stm32f4xx_hal_tim_ex.o
 .data          0x0000000000000000        0x0 Drivers/STM32F4xx_HAL_Driver/Src/stm32f4xx_hal_tim_ex.o
 .bss           0x0000000000000000        0x0 Drivers/STM32F4xx_HAL_Driver/Src/stm32f4xx_hal_tim_ex.o
 .debug_info    0x0000000000000000      0x927 Drivers/STM32F4xx_HAL_Driver/Src/stm32f4xx_hal_tim_ex.o
 .debug_abbrev  0x0000000000000000      0x15c Drivers/STM32F4xx_HAL_Driver/Src/stm32f4xx_hal_tim_ex.o
 .debug_aranges
                0x0000000000000000       0x18 Drivers/STM32F4xx_HAL_Driver/Src/stm32f4xx_hal_tim_ex.o
 .debug_line    0x0000000000000000      0x1e2 Drivers/STM32F4xx_HAL_Driver/Src/stm32f4xx_hal_tim_ex.o
 .debug_str     0x0000000000000000      0x65e Drivers/STM32F4xx_HAL_Driver/Src/stm32f4xx_hal_tim_ex.o
 .comment       0x0000000000000000       0x7d Drivers/STM32F4xx_HAL_Driver/Src/stm32f4xx_hal_tim_ex.o
 .ARM.attributes
                0x0000000000000000       0x39 Drivers/STM32F4xx_HAL_Driver/Src/stm32f4xx_hal_tim_ex.o
 .text          0x0000000000000000        0x0 Drivers/STM32F4xx_HAL_Driver/Src/stm32f4xx_hal_uart.o
 .data          0x0000000000000000        0x0 Drivers/STM32F4xx_HAL_Driver/Src/stm32f4xx_hal_uart.o
 .bss           0x0000000000000000        0x0 Drivers/STM32F4xx_HAL_Driver/Src/stm32f4xx_hal_uart.o
 .text.UART_EndRxTransfer
                0x0000000000000000       0x1a Drivers/STM32F4xx_HAL_Driver/Src/stm32f4xx_hal_uart.o
 .text.UART_WaitOnFlagUntilTimeout.constprop.3
                0x0000000000000000       0x50 Drivers/STM32F4xx_HAL_Driver/Src/stm32f4xx_hal_uart.o
 .text.HAL_UART_MspInit
                0x0000000000000000        0x2 Drivers/STM32F4xx_HAL_Driver/Src/stm32f4xx_hal_uart.o
 .text.HAL_HalfDuplex_Init
                0x0000000000000000       0x64 Drivers/STM32F4xx_HAL_Driver/Src/stm32f4xx_hal_uart.o
 .text.HAL_LIN_Init
                0x0000000000000000       0x76 Drivers/STM32F4xx_HAL_Driver/Src/stm32f4xx_hal_uart.o
 .text.HAL_MultiProcessor_Init
                0x0000000000000000       0x7e Drivers/STM32F4xx_HAL_Driver/Src/stm32f4xx_hal_uart.o
 .text.HAL_UART_MspDeInit
                0x0000000000000000        0x2 Drivers/STM32F4xx_HAL_Driver/Src/stm32f4xx_hal_uart.o
 .text.HAL_UART_DeInit
                0x0000000000000000       0x26 Drivers/STM32F4xx_HAL_Driver/Src/stm32f4xx_hal_uart.o
 .text.HAL_UART_Transmit
                0x0000000000000000       0xba Drivers/STM32F4xx_HAL_Driver/Src/stm32f4xx_hal_uart.o
 .text.HAL_UART_Receive
                0x0000000000000000       0xc0 Drivers/STM32F4xx_HAL_Driver/Src/stm32f4xx_hal_uart.o
 .text.HAL_UART_Transmit_IT
                0x0000000000000000       0x3e Drivers/STM32F4xx_HAL_Driver/Src/stm32f4xx_hal_uart.o
 .text.HAL_UART_Receive_IT
                0x0000000000000000       0x46 Drivers/STM32F4xx_HAL_Driver/Src/stm32f4xx_hal_uart.o
 .text.HAL_UART_Transmit_DMA
                0x0000000000000000       0x74 Drivers/STM32F4xx_HAL_Driver/Src/stm32f4xx_hal_uart.o
 .text.HAL_UART_Receive_DMA
                0x0000000000000000       0x90 Drivers/STM32F4xx_HAL_Driver/Src/stm32f4xx_hal_uart.o
 .text.HAL_UART_DMAPause
                0x0000000000000000       0x5a Drivers/STM32F4xx_HAL_Driver/Src/stm32f4xx_hal_uart.o
 .text.HAL_UART_DMAResume
                0x0000000000000000       0x62 Drivers/STM32F4xx_HAL_Driver/Src/stm32f4xx_hal_uart.o
 .text.HAL_UART_DMAStop
                0x0000000000000000       0x5e Drivers/STM32F4xx_HAL_Driver/Src/stm32f4xx_hal_uart.o
 .text.HAL_UART_Abort
                0x0000000000000000       0x60 Drivers/STM32F4xx_HAL_Driver/Src/stm32f4xx_hal_uart.o
 .text.HAL_UART_AbortTransmit
                0x0000000000000000       0x34 Drivers/STM32F4xx_HAL_Driver/Src/stm32f4xx_hal_uart.o
 .text.HAL_UART_AbortReceive
                0x0000000000000000       0x3c Drivers/STM32F4xx_HAL_Driver/Src/stm32f4xx_hal_uart.o
 .text.HAL_UART_TxCpltCallback
                0x0000000000000000        0x2 Drivers/STM32F4xx_HAL_Driver/Src/stm32f4xx_hal_uart.o
 .text.UART_DMATransmitCplt
                0x0000000000000000       0x2c Drivers/STM32F4xx_HAL_Driver/Src/stm32f4xx_hal_uart.o
 .text.HAL_UART_TxHalfCpltCallback
                0x0000000000000000        0x2 Drivers/STM32F4xx_HAL_Driver/Src/stm32f4xx_hal_uart.o
 .text.UART_DMATxHalfCplt
                0x0000000000000000        0xa Drivers/STM32F4xx_HAL_Driver/Src/stm32f4xx_hal_uart.o
 .text.HAL_UART_RxCpltCallback
                0x0000000000000000        0x2 Drivers/STM32F4xx_HAL_Driver/Src/stm32f4xx_hal_uart.o
 .text.UART_DMAReceiveCplt
                0x0000000000000000       0x38 Drivers/STM32F4xx_HAL_Driver/Src/stm32f4xx_hal_uart.o
 .text.UART_Receive_IT
                0x0000000000000000       0x74 Drivers/STM32F4xx_HAL_Driver/Src/stm32f4xx_hal_uart.o
 .text.HAL_UART_RxHalfCpltCallback
                0x0000000000000000        0x2 Drivers/STM32F4xx_HAL_Driver/Src/stm32f4xx_hal_uart.o
 .text.UART_DMARxHalfCplt
                0x0000000000000000        0xa Drivers/STM32F4xx_HAL_Driver/Src/stm32f4xx_hal_uart.o
 .text.HAL_UART_ErrorCallback
                0x0000000000000000        0x2 Drivers/STM32F4xx_HAL_Driver/Src/stm32f4xx_hal_uart.o
 .text.UART_DMAError
                0x0000000000000000       0x4e Drivers/STM32F4xx_HAL_Driver/Src/stm32f4xx_hal_uart.o
 .text.HAL_UART_IRQHandler
                0x0000000000000000      0x140 Drivers/STM32F4xx_HAL_Driver/Src/stm32f4xx_hal_uart.o
 .text.UART_DMAAbortOnError
                0x0000000000000000       0x10 Drivers/STM32F4xx_HAL_Driver/Src/stm32f4xx_hal_uart.o
 .text.HAL_UART_AbortCpltCallback
                0x0000000000000000        0x2 Drivers/STM32F4xx_HAL_Driver/Src/stm32f4xx_hal_uart.o
 .text.HAL_UART_Abort_IT
                0x0000000000000000       0xa8 Drivers/STM32F4xx_HAL_Driver/Src/stm32f4xx_hal_uart.o
 .text.UART_DMARxAbortCallback
                0x0000000000000000       0x28 Drivers/STM32F4xx_HAL_Driver/Src/stm32f4xx_hal_uart.o
 .text.UART_DMATxAbortCallback
                0x0000000000000000       0x28 Drivers/STM32F4xx_HAL_Driver/Src/stm32f4xx_hal_uart.o
 .text.HAL_UART_AbortTransmitCpltCallback
                0x0000000000000000        0x2 Drivers/STM32F4xx_HAL_Driver/Src/stm32f4xx_hal_uart.o
 .text.HAL_UART_AbortTransmit_IT
                0x0000000000000000       0x50 Drivers/STM32F4xx_HAL_Driver/Src/stm32f4xx_hal_uart.o
 .text.UART_DMATxOnlyAbortCallback
                0x0000000000000000       0x14 Drivers/STM32F4xx_HAL_Driver/Src/stm32f4xx_hal_uart.o
 .text.HAL_UART_AbortReceiveCpltCallback
                0x0000000000000000        0x2 Drivers/STM32F4xx_HAL_Driver/Src/stm32f4xx_hal_uart.o
 .text.HAL_UART_AbortReceive_IT
                0x0000000000000000       0x58 Drivers/STM32F4xx_HAL_Driver/Src/stm32f4xx_hal_uart.o
 .text.UART_DMARxOnlyAbortCallback
                0x0000000000000000       0x14 Drivers/STM32F4xx_HAL_Driver/Src/stm32f4xx_hal_uart.o
 .text.HAL_LIN_SendBreak
                0x0000000000000000       0x2c Drivers/STM32F4xx_HAL_Driver/Src/stm32f4xx_hal_uart.o
 .text.HAL_MultiProcessor_EnterMuteMode
                0x0000000000000000       0x2c Drivers/STM32F4xx_HAL_Driver/Src/stm32f4xx_hal_uart.o
 .text.HAL_MultiProcessor_ExitMuteMode
                0x0000000000000000       0x2c Drivers/STM32F4xx_HAL_Driver/Src/stm32f4xx_hal_uart.o
 .text.HAL_HalfDuplex_EnableTransmitter
                0x0000000000000000       0x30 Drivers/STM32F4xx_HAL_Driver/Src/stm32f4xx_hal_uart.o
 .text.HAL_HalfDuplex_EnableReceiver
                0x0000000000000000       0x30 Drivers/STM32F4xx_HAL_Driver/Src/stm32f4xx_hal_uart.o
 .text.HAL_UART_GetState
                0x0000000000000000        0xc Drivers/STM32F4xx_HAL_Driver/Src/stm32f4xx_hal_uart.o
 .text.HAL_UART_GetError
                0x0000000000000000        0x4 Drivers/STM32F4xx_HAL_Driver/Src/stm32f4xx_hal_uart.o
 .text          0x0000000000000000       0x14 startup/startup_stm32f407xx.o
 .data          0x0000000000000000        0x0 startup/startup_stm32f407xx.o
 .bss           0x0000000000000000        0x0 startup/startup_stm32f407xx.o
 .text          0x0000000000000000        0x0 /opt/Atollic_TrueSTUDIO_for_STM32_x86_64_9.0.1/ARMTools/bin/../lib/gcc/arm-atollic-eabi/6.3.1/../../../../arm-atollic-eabi/lib/armv7e-m/fpu/libc_nano.a(lib_a-init.o)
 .data          0x0000000000000000        0x0 /opt/Atollic_TrueSTUDIO_for_STM32_x86_64_9.0.1/ARMTools/bin/../lib/gcc/arm-atollic-eabi/6.3.1/../../../../arm-atollic-eabi/lib/armv7e-m/fpu/libc_nano.a(lib_a-init.o)
 .bss           0x0000000000000000        0x0 /opt/Atollic_TrueSTUDIO_for_STM32_x86_64_9.0.1/ARMTools/bin/../lib/gcc/arm-atollic-eabi/6.3.1/../../../../arm-atollic-eabi/lib/armv7e-m/fpu/libc_nano.a(lib_a-init.o)
 .data          0x0000000000000000        0x0 /opt/Atollic_TrueSTUDIO_for_STM32_x86_64_9.0.1/ARMTools/bin/../lib/gcc/arm-atollic-eabi/6.3.1/armv7e-m/fpu/libgcc.a(_aeabi_uldivmod.o)
 .bss           0x0000000000000000        0x0 /opt/Atollic_TrueSTUDIO_for_STM32_x86_64_9.0.1/ARMTools/bin/../lib/gcc/arm-atollic-eabi/6.3.1/armv7e-m/fpu/libgcc.a(_aeabi_uldivmod.o)
 .data          0x0000000000000000        0x0 /opt/Atollic_TrueSTUDIO_for_STM32_x86_64_9.0.1/ARMTools/bin/../lib/gcc/arm-atollic-eabi/6.3.1/armv7e-m/fpu/libgcc.a(_udivmoddi4.o)
 .bss           0x0000000000000000        0x0 /opt/Atollic_TrueSTUDIO_for_STM32_x86_64_9.0.1/ARMTools/bin/../lib/gcc/arm-atollic-eabi/6.3.1/armv7e-m/fpu/libgcc.a(_udivmoddi4.o)
 .ARM.extab     0x0000000000000000        0x0 /opt/Atollic_TrueSTUDIO_for_STM32_x86_64_9.0.1/ARMTools/bin/../lib/gcc/arm-atollic-eabi/6.3.1/armv7e-m/fpu/libgcc.a(_udivmoddi4.o)
 .data          0x0000000000000000        0x0 /opt/Atollic_TrueSTUDIO_for_STM32_x86_64_9.0.1/ARMTools/bin/../lib/gcc/arm-atollic-eabi/6.3.1/armv7e-m/fpu/libgcc.a(_dvmd_tls.o)
 .bss           0x0000000000000000        0x0 /opt/Atollic_TrueSTUDIO_for_STM32_x86_64_9.0.1/ARMTools/bin/../lib/gcc/arm-atollic-eabi/6.3.1/armv7e-m/fpu/libgcc.a(_dvmd_tls.o)
 .text          0x0000000000000000        0x0 /opt/Atollic_TrueSTUDIO_for_STM32_x86_64_9.0.1/ARMTools/bin/../lib/gcc/arm-atollic-eabi/6.3.1/armv7e-m/fpu/crtend.o
 .data          0x0000000000000000        0x0 /opt/Atollic_TrueSTUDIO_for_STM32_x86_64_9.0.1/ARMTools/bin/../lib/gcc/arm-atollic-eabi/6.3.1/armv7e-m/fpu/crtend.o
 .bss           0x0000000000000000        0x0 /opt/Atollic_TrueSTUDIO_for_STM32_x86_64_9.0.1/ARMTools/bin/../lib/gcc/arm-atollic-eabi/6.3.1/armv7e-m/fpu/crtend.o
 .eh_frame      0x0000000000000000        0x4 /opt/Atollic_TrueSTUDIO_for_STM32_x86_64_9.0.1/ARMTools/bin/../lib/gcc/arm-atollic-eabi/6.3.1/armv7e-m/fpu/crtend.o
 .ARM.attributes
                0x0000000000000000       0x34 /opt/Atollic_TrueSTUDIO_for_STM32_x86_64_9.0.1/ARMTools/bin/../lib/gcc/arm-atollic-eabi/6.3.1/armv7e-m/fpu/crtend.o
 .text          0x0000000000000000        0x0 /opt/Atollic_TrueSTUDIO_for_STM32_x86_64_9.0.1/ARMTools/bin/../lib/gcc/arm-atollic-eabi/6.3.1/armv7e-m/fpu/crtn.o
 .data          0x0000000000000000        0x0 /opt/Atollic_TrueSTUDIO_for_STM32_x86_64_9.0.1/ARMTools/bin/../lib/gcc/arm-atollic-eabi/6.3.1/armv7e-m/fpu/crtn.o
 .bss           0x0000000000000000        0x0 /opt/Atollic_TrueSTUDIO_for_STM32_x86_64_9.0.1/ARMTools/bin/../lib/gcc/arm-atollic-eabi/6.3.1/armv7e-m/fpu/crtn.o

Memory Configuration

Name             Origin             Length             Attributes
RAM              0x0000000020000000 0x0000000000020000 xrw
CCMRAM           0x0000000010000000 0x0000000000010000 rw
FLASH            0x0000000008000000 0x0000000000100000 xr
*default*        0x0000000000000000 0xffffffffffffffff

Linker script and memory map

LOAD /opt/Atollic_TrueSTUDIO_for_STM32_x86_64_9.0.1/ARMTools/bin/../lib/gcc/arm-atollic-eabi/6.3.1/armv7e-m/fpu/crti.o
LOAD /opt/Atollic_TrueSTUDIO_for_STM32_x86_64_9.0.1/ARMTools/bin/../lib/gcc/arm-atollic-eabi/6.3.1/armv7e-m/fpu/crtbegin.o
LOAD Core/Src/ADM1602s.o
LOAD Core/Src/adc.o
LOAD Core/Src/adc_keyboard.o
LOAD Core/Src/display.o
LOAD Core/Src/gpio.o
LOAD Core/Src/keyboard.o
LOAD Core/Src/main.o
LOAD Core/Src/menu.o
LOAD Core/Src/stm32f4xx_hal_msp.o
LOAD Core/Src/stm32f4xx_it.o
LOAD Core/Src/system_stm32f4xx.o
LOAD Core/Src/usart.o
LOAD Drivers/STM32F4xx_HAL_Driver/Src/stm32f4xx_hal.o
LOAD Drivers/STM32F4xx_HAL_Driver/Src/stm32f4xx_hal_adc.o
LOAD Drivers/STM32F4xx_HAL_Driver/Src/stm32f4xx_hal_adc_ex.o
LOAD Drivers/STM32F4xx_HAL_Driver/Src/stm32f4xx_hal_cortex.o
LOAD Drivers/STM32F4xx_HAL_Driver/Src/stm32f4xx_hal_dma.o
LOAD Drivers/STM32F4xx_HAL_Driver/Src/stm32f4xx_hal_dma_ex.o
LOAD Drivers/STM32F4xx_HAL_Driver/Src/stm32f4xx_hal_flash.o
LOAD Drivers/STM32F4xx_HAL_Driver/Src/stm32f4xx_hal_flash_ex.o
LOAD Drivers/STM32F4xx_HAL_Driver/Src/stm32f4xx_hal_flash_ramfunc.o
LOAD Drivers/STM32F4xx_HAL_Driver/Src/stm32f4xx_hal_gpio.o
LOAD Drivers/STM32F4xx_HAL_Driver/Src/stm32f4xx_hal_pwr.o
LOAD Drivers/STM32F4xx_HAL_Driver/Src/stm32f4xx_hal_pwr_ex.o
LOAD Drivers/STM32F4xx_HAL_Driver/Src/stm32f4xx_hal_rcc.o
LOAD Drivers/STM32F4xx_HAL_Driver/Src/stm32f4xx_hal_rcc_ex.o
LOAD Drivers/STM32F4xx_HAL_Driver/Src/stm32f4xx_hal_tim.o
LOAD Drivers/STM32F4xx_HAL_Driver/Src/stm32f4xx_hal_tim_ex.o
LOAD Drivers/STM32F4xx_HAL_Driver/Src/stm32f4xx_hal_uart.o
LOAD startup/startup_stm32f407xx.o
                0x0000000000000080                malloc_getpagesize_P = 0x80
START GROUP
LOAD /opt/Atollic_TrueSTUDIO_for_STM32_x86_64_9.0.1/ARMTools/bin/../lib/gcc/arm-atollic-eabi/6.3.1/../../../../arm-atollic-eabi/lib/armv7e-m/fpu/libc_nano.a
LOAD /opt/Atollic_TrueSTUDIO_for_STM32_x86_64_9.0.1/ARMTools/bin/../lib/gcc/arm-atollic-eabi/6.3.1/../../../../arm-atollic-eabi/lib/armv7e-m/fpu/libm.a
END GROUP
START GROUP
LOAD /opt/Atollic_TrueSTUDIO_for_STM32_x86_64_9.0.1/ARMTools/bin/../lib/gcc/arm-atollic-eabi/6.3.1/armv7e-m/fpu/libgcc.a
LOAD /opt/Atollic_TrueSTUDIO_for_STM32_x86_64_9.0.1/ARMTools/bin/../lib/gcc/arm-atollic-eabi/6.3.1/../../../../arm-atollic-eabi/lib/armv7e-m/fpu/libc_nano.a
END GROUP
START GROUP
LOAD /opt/Atollic_TrueSTUDIO_for_STM32_x86_64_9.0.1/ARMTools/bin/../lib/gcc/arm-atollic-eabi/6.3.1/armv7e-m/fpu/libgcc.a
LOAD /opt/Atollic_TrueSTUDIO_for_STM32_x86_64_9.0.1/ARMTools/bin/../lib/gcc/arm-atollic-eabi/6.3.1/../../../../arm-atollic-eabi/lib/armv7e-m/fpu/libc_nano.a
LOAD /opt/Atollic_TrueSTUDIO_for_STM32_x86_64_9.0.1/ARMTools/bin/../lib/gcc/arm-atollic-eabi/6.3.1/../../../../arm-atollic-eabi/lib/armv7e-m/fpu/libnosys.a
END GROUP
START GROUP
LOAD /opt/Atollic_TrueSTUDIO_for_STM32_x86_64_9.0.1/ARMTools/bin/../lib/gcc/arm-atollic-eabi/6.3.1/armv7e-m/fpu/libgcc.a
LOAD /opt/Atollic_TrueSTUDIO_for_STM32_x86_64_9.0.1/ARMTools/bin/../lib/gcc/arm-atollic-eabi/6.3.1/../../../../arm-atollic-eabi/lib/armv7e-m/fpu/libc_nano.a
LOAD /opt/Atollic_TrueSTUDIO_for_STM32_x86_64_9.0.1/ARMTools/bin/../lib/gcc/arm-atollic-eabi/6.3.1/../../../../arm-atollic-eabi/lib/armv7e-m/fpu/libnosys.a
END GROUP
LOAD /opt/Atollic_TrueSTUDIO_for_STM32_x86_64_9.0.1/ARMTools/bin/../lib/gcc/arm-atollic-eabi/6.3.1/armv7e-m/fpu/crtend.o
LOAD /opt/Atollic_TrueSTUDIO_for_STM32_x86_64_9.0.1/ARMTools/bin/../lib/gcc/arm-atollic-eabi/6.3.1/armv7e-m/fpu/crtn.o
                0x0000000020020000                _estack = 0x20020000
                0x0000000000000200                _Min_Heap_Size = 0x200
                0x0000000000000400                _Min_Stack_Size = 0x400

.isr_vector     0x0000000008000000      0x188
                0x0000000008000000                . = ALIGN (0x4)
 *(.isr_vector)
 .isr_vector    0x0000000008000000      0x188 startup/startup_stm32f407xx.o
                0x0000000008000000                g_pfnVectors
                0x0000000008000188                . = ALIGN (0x4)

.text           0x0000000008000188     0x1a28
                0x0000000008000188                . = ALIGN (0x4)
 *(.text)
 .text          0x0000000008000188       0x40 /opt/Atollic_TrueSTUDIO_for_STM32_x86_64_9.0.1/ARMTools/bin/../lib/gcc/arm-atollic-eabi/6.3.1/armv7e-m/fpu/crtbegin.o
 .text          0x00000000080001c8       0x30 /opt/Atollic_TrueSTUDIO_for_STM32_x86_64_9.0.1/ARMTools/bin/../lib/gcc/arm-atollic-eabi/6.3.1/armv7e-m/fpu/libgcc.a(_aeabi_uldivmod.o)
                0x00000000080001c8                __aeabi_uldivmod
 .text          0x00000000080001f8      0x2dc /opt/Atollic_TrueSTUDIO_for_STM32_x86_64_9.0.1/ARMTools/bin/../lib/gcc/arm-atollic-eabi/6.3.1/armv7e-m/fpu/libgcc.a(_udivmoddi4.o)
                0x00000000080001f8                __udivmoddi4
 .text          0x00000000080004d4        0x4 /opt/Atollic_TrueSTUDIO_for_STM32_x86_64_9.0.1/ARMTools/bin/../lib/gcc/arm-atollic-eabi/6.3.1/armv7e-m/fpu/libgcc.a(_dvmd_tls.o)
                0x00000000080004d4                __aeabi_ldiv0
                0x00000000080004d4                __aeabi_idiv0
 *(.text*)
 .text.lcd_init
                0x00000000080004d8       0x10 Core/Src/ADM1602s.o
                0x00000000080004d8                lcd_init
 .text.lcd_write
                0x00000000080004e8       0x9c Core/Src/ADM1602s.o
                0x00000000080004e8                lcd_write
 .text.lcd_cmd_write
                0x0000000008000584       0x9c Core/Src/ADM1602s.o
                0x0000000008000584                lcd_cmd_write
 .text.lcd_set_addr
                0x0000000008000620       0x9c Core/Src/ADM1602s.o
                0x0000000008000620                lcd_set_addr
 .text.MX_ADC1_Init
                0x00000000080006bc       0x64 Core/Src/adc.o
                0x00000000080006bc                MX_ADC1_Init
 .text.HAL_ADC_MspInit
                0x0000000008000720       0x44 Core/Src/adc.o
                0x0000000008000720                HAL_ADC_MspInit
 .text.keyboard_init
                0x0000000008000764        0x2 Core/Src/adc_keyboard.o
                0x0000000008000764                keyboard_init
 *fill*         0x0000000008000766        0x2 
 .text.keyboard_read
                0x0000000008000768       0x5c Core/Src/adc_keyboard.o
                0x0000000008000768                keyboard_read
 .text.lcdInit  0x00000000080007c4       0x44 Core/Src/display.o
                0x00000000080007c4                lcdInit
 .text.lcdWrite
                0x0000000008000808       0x28 Core/Src/display.o
                0x0000000008000808                lcdWrite
 .text.lcdRuntTime
                0x0000000008000830       0x3e Core/Src/display.o
                0x0000000008000830                lcdRuntTime
 *fill*         0x000000000800086e        0x2 
 .text.MX_GPIO_Init
                0x0000000008000870       0xd4 Core/Src/gpio.o
                0x0000000008000870                MX_GPIO_Init
 .text.keyboardInit
                0x0000000008000944       0x18 Core/Src/keyboard.o
                0x0000000008000944                keyboardInit
 .text.keyboardRuntime
                0x000000000800095c       0x40 Core/Src/keyboard.o
                0x000000000800095c                keyboardRuntime
 .text.onKeyPressed
                0x000000000800099c       0x54 Core/Src/main.o
                0x000000000800099c                onKeyPressed
 .text.SystemClock_Config
                0x00000000080009f0       0xac Core/Src/main.o
                0x00000000080009f0                SystemClock_Config
 .text.startup.main
                0x0000000008000a9c       0x48 Core/Src/main.o
                0x0000000008000a9c                main
 .text._Error_Handler
                0x0000000008000ae4        0x2 Core/Src/main.o
                0x0000000008000ae4                _Error_Handler
 .text.HAL_MspInit
                0x0000000008000ae6       0x60 Core/Src/stm32f4xx_hal_msp.o
                0x0000000008000ae6                HAL_MspInit
 .text.NMI_Handler
                0x0000000008000b46        0x2 Core/Src/stm32f4xx_it.o
                0x0000000008000b46                NMI_Handler
 .text.HardFault_Handler
                0x0000000008000b48        0x2 Core/Src/stm32f4xx_it.o
                0x0000000008000b48                HardFault_Handler
 .text.MemManage_Handler
                0x0000000008000b4a        0x2 Core/Src/stm32f4xx_it.o
                0x0000000008000b4a                MemManage_Handler
 .text.BusFault_Handler
                0x0000000008000b4c        0x2 Core/Src/stm32f4xx_it.o
                0x0000000008000b4c                BusFault_Handler
 .text.UsageFault_Handler
                0x0000000008000b4e        0x2 Core/Src/stm32f4xx_it.o
                0x0000000008000b4e                UsageFault_Handler
 .text.SVC_Handler
                0x0000000008000b50        0x2 Core/Src/stm32f4xx_it.o
                0x0000000008000b50                SVC_Handler
 .text.DebugMon_Handler
                0x0000000008000b52        0x2 Core/Src/stm32f4xx_it.o
                0x0000000008000b52                DebugMon_Handler
 .text.PendSV_Handler
                0x0000000008000b54        0x2 Core/Src/stm32f4xx_it.o
                0x0000000008000b54                PendSV_Handler
 .text.SysTick_Handler
                0x0000000008000b56        0xe Core/Src/stm32f4xx_it.o
                0x0000000008000b56                SysTick_Handler
 .text.SystemInit
                0x0000000008000b64       0x4c Core/Src/system_stm32f4xx.o
                0x0000000008000b64                SystemInit
 .text.MX_USART2_UART_Init
                0x0000000008000bb0       0x40 Core/Src/usart.o
                0x0000000008000bb0                MX_USART2_UART_Init
 .text.HAL_UART_MspInit
                0x0000000008000bf0       0x50 Core/Src/usart.o
                0x0000000008000bf0                HAL_UART_MspInit
 .text.HAL_InitTick
                0x0000000008000c40       0x48 Drivers/STM32F4xx_HAL_Driver/Src/stm32f4xx_hal.o
                0x0000000008000c40                HAL_InitTick
 .text.HAL_Init
                0x0000000008000c88       0x34 Drivers/STM32F4xx_HAL_Driver/Src/stm32f4xx_hal.o
                0x0000000008000c88                HAL_Init
 .text.HAL_IncTick
                0x0000000008000cbc       0x18 Drivers/STM32F4xx_HAL_Driver/Src/stm32f4xx_hal.o
                0x0000000008000cbc                HAL_IncTick
 .text.HAL_GetTick
                0x0000000008000cd4        0xc Drivers/STM32F4xx_HAL_Driver/Src/stm32f4xx_hal.o
                0x0000000008000cd4                HAL_GetTick
 .text.HAL_Delay
                0x0000000008000ce0       0x28 Drivers/STM32F4xx_HAL_Driver/Src/stm32f4xx_hal.o
                0x0000000008000ce0                HAL_Delay
 .text.HAL_ADC_Init
                0x0000000008000d08      0x148 Drivers/STM32F4xx_HAL_Driver/Src/stm32f4xx_hal_adc.o
                0x0000000008000d08                HAL_ADC_Init
 .text.HAL_ADC_Start
                0x0000000008000e50       0xc0 Drivers/STM32F4xx_HAL_Driver/Src/stm32f4xx_hal_adc.o
                0x0000000008000e50                HAL_ADC_Start
 .text.HAL_ADC_PollForConversion
                0x0000000008000f10       0xa0 Drivers/STM32F4xx_HAL_Driver/Src/stm32f4xx_hal_adc.o
                0x0000000008000f10                HAL_ADC_PollForConversion
 .text.HAL_ADC_GetValue
                0x0000000008000fb0        0x6 Drivers/STM32F4xx_HAL_Driver/Src/stm32f4xx_hal_adc.o
                0x0000000008000fb0                HAL_ADC_GetValue
 *fill*         0x0000000008000fb6        0x2 
 .text.HAL_ADC_ConfigChannel
                0x0000000008000fb8      0x12c Drivers/STM32F4xx_HAL_Driver/Src/stm32f4xx_hal_adc.o
                0x0000000008000fb8                HAL_ADC_ConfigChannel
 .text.HAL_NVIC_SetPriorityGrouping
                0x00000000080010e4       0x24 Drivers/STM32F4xx_HAL_Driver/Src/stm32f4xx_hal_cortex.o
                0x00000000080010e4                HAL_NVIC_SetPriorityGrouping
 .text.HAL_NVIC_SetPriority
                0x0000000008001108       0x68 Drivers/STM32F4xx_HAL_Driver/Src/stm32f4xx_hal_cortex.o
                0x0000000008001108                HAL_NVIC_SetPriority
 .text.HAL_SYSTICK_Config
                0x0000000008001170       0x2c Drivers/STM32F4xx_HAL_Driver/Src/stm32f4xx_hal_cortex.o
                0x0000000008001170                HAL_SYSTICK_Config
 .text.HAL_SYSTICK_CLKSourceConfig
                0x000000000800119c       0x18 Drivers/STM32F4xx_HAL_Driver/Src/stm32f4xx_hal_cortex.o
                0x000000000800119c                HAL_SYSTICK_CLKSourceConfig
 .text.HAL_SYSTICK_Callback
                0x00000000080011b4        0x2 Drivers/STM32F4xx_HAL_Driver/Src/stm32f4xx_hal_cortex.o
                0x00000000080011b4                HAL_SYSTICK_Callback
 .text.HAL_SYSTICK_IRQHandler
                0x00000000080011b6        0x8 Drivers/STM32F4xx_HAL_Driver/Src/stm32f4xx_hal_cortex.o
                0x00000000080011b6                HAL_SYSTICK_IRQHandler
 *fill*         0x00000000080011be        0x2 
 .text.HAL_GPIO_Init
                0x00000000080011c0      0x1c0 Drivers/STM32F4xx_HAL_Driver/Src/stm32f4xx_hal_gpio.o
                0x00000000080011c0                HAL_GPIO_Init
 .text.HAL_GPIO_WritePin
                0x0000000008001380        0xa Drivers/STM32F4xx_HAL_Driver/Src/stm32f4xx_hal_gpio.o
                0x0000000008001380                HAL_GPIO_WritePin
 *fill*         0x000000000800138a        0x2 
 .text.HAL_RCC_OscConfig
                0x000000000800138c      0x304 Drivers/STM32F4xx_HAL_Driver/Src/stm32f4xx_hal_rcc.o
                0x000000000800138c                HAL_RCC_OscConfig
 .text.HAL_RCC_GetSysClockFreq
                0x0000000008001690       0x5c Drivers/STM32F4xx_HAL_Driver/Src/stm32f4xx_hal_rcc.o
                0x0000000008001690                HAL_RCC_GetSysClockFreq
 .text.HAL_RCC_ClockConfig
                0x00000000080016ec      0x134 Drivers/STM32F4xx_HAL_Driver/Src/stm32f4xx_hal_rcc.o
                0x00000000080016ec                HAL_RCC_ClockConfig
 .text.HAL_RCC_GetHCLKFreq
                0x0000000008001820        0xc Drivers/STM32F4xx_HAL_Driver/Src/stm32f4xx_hal_rcc.o
                0x0000000008001820                HAL_RCC_GetHCLKFreq
 .text.HAL_RCC_GetPCLK1Freq
                0x000000000800182c       0x20 Drivers/STM32F4xx_HAL_Driver/Src/stm32f4xx_hal_rcc.o
                0x000000000800182c                HAL_RCC_GetPCLK1Freq
 .text.HAL_RCC_GetPCLK2Freq
                0x000000000800184c       0x20 Drivers/STM32F4xx_HAL_Driver/Src/stm32f4xx_hal_rcc.o
                0x000000000800184c                HAL_RCC_GetPCLK2Freq
 .text.UART_SetConfig
                0x000000000800186c      0x234 Drivers/STM32F4xx_HAL_Driver/Src/stm32f4xx_hal_uart.o
 .text.HAL_UART_Init
                0x0000000008001aa0       0x5c Drivers/STM32F4xx_HAL_Driver/Src/stm32f4xx_hal_uart.o
                0x0000000008001aa0                HAL_UART_Init
 .text.Reset_Handler
                0x0000000008001afc       0x50 startup/startup_stm32f407xx.o
                0x0000000008001afc                Reset_Handler
 .text.Default_Handler
                0x0000000008001b4c        0x2 startup/startup_stm32f407xx.o
                0x0000000008001b4c                RTC_Alarm_IRQHandler
                0x0000000008001b4c                HASH_RNG_IRQHandler
                0x0000000008001b4c                EXTI2_IRQHandler
                0x0000000008001b4c                TIM8_CC_IRQHandler
                0x0000000008001b4c                TIM1_CC_IRQHandler
                0x0000000008001b4c                DMA2_Stream5_IRQHandler
                0x0000000008001b4c                DMA1_Stream5_IRQHandler
                0x0000000008001b4c                PVD_IRQHandler
                0x0000000008001b4c                SDIO_IRQHandler
                0x0000000008001b4c                TAMP_STAMP_IRQHandler
                0x0000000008001b4c                CAN2_RX1_IRQHandler
                0x0000000008001b4c                EXTI3_IRQHandler
                0x0000000008001b4c                TIM8_TRG_COM_TIM14_IRQHandler
                0x0000000008001b4c                TIM1_UP_TIM10_IRQHandler
                0x0000000008001b4c                TIM8_UP_TIM13_IRQHandler
                0x0000000008001b4c                I2C3_ER_IRQHandler
                0x0000000008001b4c                EXTI0_IRQHandler
                0x0000000008001b4c                I2C2_EV_IRQHandler
                0x0000000008001b4c                DMA1_Stream2_IRQHandler
                0x0000000008001b4c                CAN1_RX0_IRQHandler
                0x0000000008001b4c                FPU_IRQHandler
                0x0000000008001b4c                OTG_HS_WKUP_IRQHandler
                0x0000000008001b4c                CAN2_SCE_IRQHandler
                0x0000000008001b4c                DMA2_Stream2_IRQHandler
                0x0000000008001b4c                SPI1_IRQHandler
                0x0000000008001b4c                TIM6_DAC_IRQHandler
                0x0000000008001b4c                TIM1_BRK_TIM9_IRQHandler
                0x0000000008001b4c                DCMI_IRQHandler
                0x0000000008001b4c                CAN2_RX0_IRQHandler
                0x0000000008001b4c                DMA2_Stream3_IRQHandler
                0x0000000008001b4c                USART6_IRQHandler
                0x0000000008001b4c                USART3_IRQHandler
                0x0000000008001b4c                CAN1_RX1_IRQHandler
                0x0000000008001b4c                UART5_IRQHandler
                0x0000000008001b4c                DMA2_Stream0_IRQHandler
                0x0000000008001b4c                TIM4_IRQHandler
                0x0000000008001b4c                I2C1_EV_IRQHandler
                0x0000000008001b4c                DMA1_Stream6_IRQHandler
                0x0000000008001b4c                DMA1_Stream1_IRQHandler
                0x0000000008001b4c                UART4_IRQHandler
                0x0000000008001b4c                TIM3_IRQHandler
                0x0000000008001b4c                RCC_IRQHandler
                0x0000000008001b4c                TIM8_BRK_TIM12_IRQHandler
                0x0000000008001b4c                Default_Handler
                0x0000000008001b4c                EXTI15_10_IRQHandler
                0x0000000008001b4c                ADC_IRQHandler
                0x0000000008001b4c                DMA1_Stream7_IRQHandler
                0x0000000008001b4c                TIM7_IRQHandler
                0x0000000008001b4c                CAN2_TX_IRQHandler
                0x0000000008001b4c                TIM5_IRQHandler
                0x0000000008001b4c                DMA2_Stream7_IRQHandler
                0x0000000008001b4c                I2C3_EV_IRQHandler
                0x0000000008001b4c                EXTI9_5_IRQHandler
                0x0000000008001b4c                RTC_WKUP_IRQHandler
                0x0000000008001b4c                ETH_WKUP_IRQHandler
                0x0000000008001b4c                SPI2_IRQHandler
                0x0000000008001b4c                OTG_HS_EP1_IN_IRQHandler
                0x0000000008001b4c                DMA1_Stream0_IRQHandler
                0x0000000008001b4c                CAN1_TX_IRQHandler
                0x0000000008001b4c                EXTI4_IRQHandler
                0x0000000008001b4c                FSMC_IRQHandler
                0x0000000008001b4c                ETH_IRQHandler
                0x0000000008001b4c                OTG_HS_EP1_OUT_IRQHandler
                0x0000000008001b4c                WWDG_IRQHandler
                0x0000000008001b4c                TIM2_IRQHandler
                0x0000000008001b4c                OTG_FS_WKUP_IRQHandler
                0x0000000008001b4c                TIM1_TRG_COM_TIM11_IRQHandler
                0x0000000008001b4c                OTG_HS_IRQHandler
                0x0000000008001b4c                EXTI1_IRQHandler
                0x0000000008001b4c                USART2_IRQHandler
                0x0000000008001b4c                I2C2_ER_IRQHandler
                0x0000000008001b4c                DMA2_Stream1_IRQHandler
                0x0000000008001b4c                CAN1_SCE_IRQHandler
                0x0000000008001b4c                FLASH_IRQHandler
                0x0000000008001b4c                DMA2_Stream4_IRQHandler
                0x0000000008001b4c                USART1_IRQHandler
                0x0000000008001b4c                OTG_FS_IRQHandler
                0x0000000008001b4c                SPI3_IRQHandler
                0x0000000008001b4c                DMA1_Stream4_IRQHandler
                0x0000000008001b4c                I2C1_ER_IRQHandler
                0x0000000008001b4c                DMA2_Stream6_IRQHandler
                0x0000000008001b4c                DMA1_Stream3_IRQHandler
 *fill*         0x0000000008001b4e        0x2 
 .text.__libc_init_array
                0x0000000008001b50       0x48 /opt/Atollic_TrueSTUDIO_for_STM32_x86_64_9.0.1/ARMTools/bin/../lib/gcc/arm-atollic-eabi/6.3.1/../../../../arm-atollic-eabi/lib/armv7e-m/fpu/libc_nano.a(lib_a-init.o)
                0x0000000008001b50                __libc_init_array
 *(.glue_7)
 .glue_7        0x0000000008001b98        0x0 linker stubs
 *(.glue_7t)
 .glue_7t       0x0000000008001b98        0x0 linker stubs
 *(.eh_frame)
 .eh_frame      0x0000000008001b98        0x0 /opt/Atollic_TrueSTUDIO_for_STM32_x86_64_9.0.1/ARMTools/bin/../lib/gcc/arm-atollic-eabi/6.3.1/armv7e-m/fpu/crtbegin.o
 *(.init)
 .init          0x0000000008001b98        0x4 /opt/Atollic_TrueSTUDIO_for_STM32_x86_64_9.0.1/ARMTools/bin/../lib/gcc/arm-atollic-eabi/6.3.1/armv7e-m/fpu/crti.o
                0x0000000008001b98                _init
 .init          0x0000000008001b9c        0x8 /opt/Atollic_TrueSTUDIO_for_STM32_x86_64_9.0.1/ARMTools/bin/../lib/gcc/arm-atollic-eabi/6.3.1/armv7e-m/fpu/crtn.o
 *(.fini)
 .fini          0x0000000008001ba4        0x4 /opt/Atollic_TrueSTUDIO_for_STM32_x86_64_9.0.1/ARMTools/bin/../lib/gcc/arm-atollic-eabi/6.3.1/armv7e-m/fpu/crti.o
                0x0000000008001ba4                _fini
 .fini          0x0000000008001ba8        0x8 /opt/Atollic_TrueSTUDIO_for_STM32_x86_64_9.0.1/ARMTools/bin/../lib/gcc/arm-atollic-eabi/6.3.1/armv7e-m/fpu/crtn.o
                0x0000000008001bb0                . = ALIGN (0x4)
                0x0000000008001bb0                _etext = .

.vfp11_veneer   0x0000000008001bb0        0x0
 .vfp11_veneer  0x0000000008001bb0        0x0 linker stubs

.v4_bx          0x0000000008001bb0        0x0
 .v4_bx         0x0000000008001bb0        0x0 linker stubs

.iplt           0x0000000008001bb0        0x0
 .iplt          0x0000000008001bb0        0x0 /opt/Atollic_TrueSTUDIO_for_STM32_x86_64_9.0.1/ARMTools/bin/../lib/gcc/arm-atollic-eabi/6.3.1/armv7e-m/fpu/crtbegin.o

.rodata         0x0000000008001bb0       0x74
                0x0000000008001bb0                . = ALIGN (0x4)
 *(.rodata)
 .rodata        0x0000000008001bb0        0x9 Core/Src/main.o
 *(.rodata*)
 .rodata.MX_ADC1_Init.str1.1
                0x0000000008001bb9       0x12 Core/Src/adc.o
 .rodata.onKeyPressed.str1.1
                0x0000000008001bcb       0x2b Core/Src/main.o
 .rodata.AHBPrescTable
                0x0000000008001bf6       0x10 Core/Src/system_stm32f4xx.o
                0x0000000008001bf6                AHBPrescTable
 .rodata.APBPrescTable
                0x0000000008001c06        0x8 Core/Src/system_stm32f4xx.o
                0x0000000008001c06                APBPrescTable
 .rodata.MX_USART2_UART_Init.str1.1
                0x0000000008001c0e       0x14 Core/Src/usart.o
                0x0000000008001c24                . = ALIGN (0x4)
 *fill*         0x0000000008001c22        0x2 

.ARM.extab
 *(.ARM.extab* .gnu.linkonce.armextab.*)

.ARM            0x0000000008001c24        0x8
                0x0000000008001c24                __exidx_start = .
 *(.ARM.exidx*)
 .ARM.exidx     0x0000000008001c24        0x8 /opt/Atollic_TrueSTUDIO_for_STM32_x86_64_9.0.1/ARMTools/bin/../lib/gcc/arm-atollic-eabi/6.3.1/armv7e-m/fpu/libgcc.a(_udivmoddi4.o)
                0x0000000008001c2c                __exidx_end = .

.rel.dyn        0x0000000008001c2c        0x0
 .rel.iplt      0x0000000008001c2c        0x0 /opt/Atollic_TrueSTUDIO_for_STM32_x86_64_9.0.1/ARMTools/bin/../lib/gcc/arm-atollic-eabi/6.3.1/armv7e-m/fpu/crtbegin.o

.preinit_array  0x0000000008001c2c        0x0
                0x0000000008001c2c                PROVIDE (__preinit_array_start, .)
 *(.preinit_array*)
                0x0000000008001c2c                PROVIDE (__preinit_array_end, .)

.init_array     0x0000000008001c2c        0x4
                0x0000000008001c2c                PROVIDE (__init_array_start, .)
 *(SORT(.init_array.*))
 *(.init_array*)
 .init_array    0x0000000008001c2c        0x4 /opt/Atollic_TrueSTUDIO_for_STM32_x86_64_9.0.1/ARMTools/bin/../lib/gcc/arm-atollic-eabi/6.3.1/armv7e-m/fpu/crtbegin.o
                0x0000000008001c30                PROVIDE (__init_array_end, .)

.fini_array     0x0000000008001c30        0x4
                [!provide]                        PROVIDE (__fini_array_start, .)
 *(SORT(.fini_array.*))
 *(.fini_array*)
 .fini_array    0x0000000008001c30        0x4 /opt/Atollic_TrueSTUDIO_for_STM32_x86_64_9.0.1/ARMTools/bin/../lib/gcc/arm-atollic-eabi/6.3.1/armv7e-m/fpu/crtbegin.o
                [!provide]                        PROVIDE (__fini_array_end, .)
                0x0000000008001c34                _sidata = LOADADDR (.data)

.data           0x0000000020000000        0xc load address 0x0000000008001c34
                0x0000000020000000                . = ALIGN (0x4)
                0x0000000020000000                _sdata = .
 *(.data)
 *(.data*)
 .data.SystemCoreClock
                0x0000000020000000        0x4 Core/Src/system_stm32f4xx.o
                0x0000000020000000                SystemCoreClock
 .data.uwTickFreq
                0x0000000020000004        0x1 Drivers/STM32F4xx_HAL_Driver/Src/stm32f4xx_hal.o
                0x0000000020000004                uwTickFreq
 *fill*         0x0000000020000005        0x3 
 .data.uwTickPrio
                0x0000000020000008        0x4 Drivers/STM32F4xx_HAL_Driver/Src/stm32f4xx_hal.o
                0x0000000020000008                uwTickPrio
                0x000000002000000c                . = ALIGN (0x4)
                0x000000002000000c                _edata = .
                0x0000000008001c40                _siccmram = LOADADDR (.ccmram)

.igot.plt       0x000000002000000c        0x0 load address 0x0000000008001c40
 .igot.plt      0x000000002000000c        0x0 /opt/Atollic_TrueSTUDIO_for_STM32_x86_64_9.0.1/ARMTools/bin/../lib/gcc/arm-atollic-eabi/6.3.1/armv7e-m/fpu/crtbegin.o

.ccmram         0x0000000010000000        0x0 load address 0x0000000008001c40
                0x0000000010000000                . = ALIGN (0x4)
                0x0000000010000000                _sccmram = .
 *(.ccmram)
 *(.ccmram*)
                0x0000000010000000                . = ALIGN (0x4)
                0x0000000010000000                _eccmram = .
                0x0000000010000000                . = ALIGN (0x4)

.bss            0x000000002000000c       0xd8
                0x000000002000000c                _sbss = .
                0x000000002000000c                __bss_start__ = _sbss
 *(.bss)
 .bss           0x000000002000000c       0x1c /opt/Atollic_TrueSTUDIO_for_STM32_x86_64_9.0.1/ARMTools/bin/../lib/gcc/arm-atollic-eabi/6.3.1/armv7e-m/fpu/crtbegin.o
 *(.bss*)
 *(COMMON)
 COMMON         0x0000000020000028       0x48 Core/Src/adc.o
                0x0000000020000028                hadc1
 COMMON         0x0000000020000070        0x2 Core/Src/adc_keyboard.o
                0x0000000020000070                aux
 *fill*         0x0000000020000072        0x2 
 COMMON         0x0000000020000074        0x8 Core/Src/keyboard.o
                0x0000000020000074                Keyboard
 COMMON         0x000000002000007c       0x21 Core/Src/main.o
                0x000000002000007c                lcd
 *fill*         0x000000002000009d        0x3 
 COMMON         0x00000000200000a0       0x40 Core/Src/usart.o
                0x00000000200000a0                huart2
 COMMON         0x00000000200000e0        0x4 Drivers/STM32F4xx_HAL_Driver/Src/stm32f4xx_hal.o
                0x00000000200000e0                uwTick
                0x00000000200000e4                . = ALIGN (0x4)
                0x00000000200000e4                _ebss = .
                0x00000000200000e4                __bss_end__ = _ebss

._user_heap_stack
                0x00000000200000e4      0x600
                0x00000000200000e4                . = ALIGN (0x4)
                [!provide]                        PROVIDE (end, .)
                [!provide]                        PROVIDE (_end, .)
                0x00000000200002e4                . = (. + _Min_Heap_Size)
 *fill*         0x00000000200000e4      0x200 
                0x00000000200006e4                . = (. + _Min_Stack_Size)
 *fill*         0x00000000200002e4      0x400 
                0x00000000200006e4                . = ALIGN (0x4)

/DISCARD/
 libc.a(*)
 libm.a(*)
 libgcc.a(*)

.ARM.attributes
                0x0000000000000000       0x30
 *(.ARM.attributes)
 .ARM.attributes
                0x0000000000000000       0x22 /opt/Atollic_TrueSTUDIO_for_STM32_x86_64_9.0.1/ARMTools/bin/../lib/gcc/arm-atollic-eabi/6.3.1/armv7e-m/fpu/crti.o
 .ARM.attributes
                0x0000000000000022       0x34 /opt/Atollic_TrueSTUDIO_for_STM32_x86_64_9.0.1/ARMTools/bin/../lib/gcc/arm-atollic-eabi/6.3.1/armv7e-m/fpu/crtbegin.o
 .ARM.attributes
                0x0000000000000056       0x39 Core/Src/ADM1602s.o
 .ARM.attributes
                0x000000000000008f       0x39 Core/Src/adc.o
 .ARM.attributes
                0x00000000000000c8       0x39 Core/Src/adc_keyboard.o
 .ARM.attributes
                0x0000000000000101       0x39 Core/Src/display.o
 .ARM.attributes
                0x000000000000013a       0x39 Core/Src/gpio.o
 .ARM.attributes
                0x0000000000000173       0x39 Core/Src/keyboard.o
 .ARM.attributes
                0x00000000000001ac       0x39 Core/Src/main.o
 .ARM.attributes
                0x00000000000001e5       0x39 Core/Src/stm32f4xx_hal_msp.o
 .ARM.attributes
                0x000000000000021e       0x39 Core/Src/stm32f4xx_it.o
 .ARM.attributes
                0x0000000000000257       0x39 Core/Src/system_stm32f4xx.o
 .ARM.attributes
                0x0000000000000290       0x39 Core/Src/usart.o
 .ARM.attributes
                0x00000000000002c9       0x39 Drivers/STM32F4xx_HAL_Driver/Src/stm32f4xx_hal.o
 .ARM.attributes
                0x0000000000000302       0x39 Drivers/STM32F4xx_HAL_Driver/Src/stm32f4xx_hal_adc.o
 .ARM.attributes
                0x000000000000033b       0x39 Drivers/STM32F4xx_HAL_Driver/Src/stm32f4xx_hal_cortex.o
 .ARM.attributes
                0x0000000000000374       0x39 Drivers/STM32F4xx_HAL_Driver/Src/stm32f4xx_hal_gpio.o
 .ARM.attributes
                0x00000000000003ad       0x39 Drivers/STM32F4xx_HAL_Driver/Src/stm32f4xx_hal_rcc.o
 .ARM.attributes
                0x00000000000003e6       0x39 Drivers/STM32F4xx_HAL_Driver/Src/stm32f4xx_hal_uart.o
 .ARM.attributes
                0x000000000000041f       0x21 startup/startup_stm32f407xx.o
 .ARM.attributes
                0x0000000000000440       0x34 /opt/Atollic_TrueSTUDIO_for_STM32_x86_64_9.0.1/ARMTools/bin/../lib/gcc/arm-atollic-eabi/6.3.1/../../../../arm-atollic-eabi/lib/armv7e-m/fpu/libc_nano.a(lib_a-init.o)
 .ARM.attributes
                0x0000000000000474       0x22 /opt/Atollic_TrueSTUDIO_for_STM32_x86_64_9.0.1/ARMTools/bin/../lib/gcc/arm-atollic-eabi/6.3.1/armv7e-m/fpu/libgcc.a(_aeabi_uldivmod.o)
 .ARM.attributes
                0x0000000000000496       0x34 /opt/Atollic_TrueSTUDIO_for_STM32_x86_64_9.0.1/ARMTools/bin/../lib/gcc/arm-atollic-eabi/6.3.1/armv7e-m/fpu/libgcc.a(_udivmoddi4.o)
 .ARM.attributes
                0x00000000000004ca       0x22 /opt/Atollic_TrueSTUDIO_for_STM32_x86_64_9.0.1/ARMTools/bin/../lib/gcc/arm-atollic-eabi/6.3.1/armv7e-m/fpu/libgcc.a(_dvmd_tls.o)
 .ARM.attributes
                0x00000000000004ec       0x22 /opt/Atollic_TrueSTUDIO_for_STM32_x86_64_9.0.1/ARMTools/bin/../lib/gcc/arm-atollic-eabi/6.3.1/armv7e-m/fpu/crtn.o
OUTPUT(disp1602_menu.elf elf32-littlearm)

.debug_info     0x0000000000000000    0x11788
 .debug_info    0x0000000000000000      0xf3b Core/Src/ADM1602s.o
 .debug_info    0x0000000000000f3b     0x1250 Core/Src/adc.o
 .debug_info    0x000000000000218b      0xe3d Core/Src/adc_keyboard.o
 .debug_info    0x0000000000002fc8      0xb6a Core/Src/display.o
 .debug_info    0x0000000000003b32      0xd4a Core/Src/gpio.o
 .debug_info    0x000000000000487c      0x184 Core/Src/keyboard.o
 .debug_info    0x0000000000004a00     0x18ca Core/Src/main.o
 .debug_info    0x00000000000062ca      0xc61 Core/Src/stm32f4xx_hal_msp.o
 .debug_info    0x0000000000006f2b      0x9de Core/Src/stm32f4xx_it.o
 .debug_info    0x0000000000007909      0xd1c Core/Src/system_stm32f4xx.o
 .debug_info    0x0000000000008625     0x117c Core/Src/usart.o
 .debug_info    0x00000000000097a1     0x11ec Drivers/STM32F4xx_HAL_Driver/Src/stm32f4xx_hal.o
 .debug_info    0x000000000000a98d     0x15ad Drivers/STM32F4xx_HAL_Driver/Src/stm32f4xx_hal_adc.o
 .debug_info    0x000000000000bf3a     0x1744 Drivers/STM32F4xx_HAL_Driver/Src/stm32f4xx_hal_cortex.o
 .debug_info    0x000000000000d67e      0xf88 Drivers/STM32F4xx_HAL_Driver/Src/stm32f4xx_hal_gpio.o
 .debug_info    0x000000000000e606     0x1269 Drivers/STM32F4xx_HAL_Driver/Src/stm32f4xx_hal_rcc.o
 .debug_info    0x000000000000f86f     0x1ea3 Drivers/STM32F4xx_HAL_Driver/Src/stm32f4xx_hal_uart.o
 .debug_info    0x0000000000011712       0x76 startup/startup_stm32f407xx.o

.debug_abbrev   0x0000000000000000     0x28ef
 .debug_abbrev  0x0000000000000000      0x1f5 Core/Src/ADM1602s.o
 .debug_abbrev  0x00000000000001f5      0x227 Core/Src/adc.o
 .debug_abbrev  0x000000000000041c      0x1fb Core/Src/adc_keyboard.o
 .debug_abbrev  0x0000000000000617      0x232 Core/Src/display.o
 .debug_abbrev  0x0000000000000849      0x1f7 Core/Src/gpio.o
 .debug_abbrev  0x0000000000000a40       0xfe Core/Src/keyboard.o
 .debug_abbrev  0x0000000000000b3e      0x2ca Core/Src/main.o
 .debug_abbrev  0x0000000000000e08      0x1d3 Core/Src/stm32f4xx_hal_msp.o
 .debug_abbrev  0x0000000000000fdb      0x1fd Core/Src/stm32f4xx_it.o
 .debug_abbrev  0x00000000000011d8      0x1ca Core/Src/system_stm32f4xx.o
 .debug_abbrev  0x00000000000013a2      0x227 Core/Src/usart.o
 .debug_abbrev  0x00000000000015c9      0x308 Drivers/STM32F4xx_HAL_Driver/Src/stm32f4xx_hal.o
 .debug_abbrev  0x00000000000018d1      0x321 Drivers/STM32F4xx_HAL_Driver/Src/stm32f4xx_hal_adc.o
 .debug_abbrev  0x0000000000001bf2      0x399 Drivers/STM32F4xx_HAL_Driver/Src/stm32f4xx_hal_cortex.o
 .debug_abbrev  0x0000000000001f8b      0x268 Drivers/STM32F4xx_HAL_Driver/Src/stm32f4xx_hal_gpio.o
 .debug_abbrev  0x00000000000021f3      0x353 Drivers/STM32F4xx_HAL_Driver/Src/stm32f4xx_hal_rcc.o
 .debug_abbrev  0x0000000000002546      0x397 Drivers/STM32F4xx_HAL_Driver/Src/stm32f4xx_hal_uart.o
 .debug_abbrev  0x00000000000028dd       0x12 startup/startup_stm32f407xx.o

.debug_loc      0x0000000000000000     0x2c4d
 .debug_loc     0x0000000000000000       0x63 Core/Src/ADM1602s.o
 .debug_loc     0x0000000000000063       0x4d Core/Src/adc.o
 .debug_loc     0x00000000000000b0      0x151 Core/Src/display.o
 .debug_loc     0x0000000000000201       0xc2 Core/Src/keyboard.o
 .debug_loc     0x00000000000002c3       0x40 Core/Src/main.o
 .debug_loc     0x0000000000000303      0x11c Core/Src/system_stm32f4xx.o
 .debug_loc     0x000000000000041f       0x4d Core/Src/usart.o
 .debug_loc     0x000000000000046c      0x11b Drivers/STM32F4xx_HAL_Driver/Src/stm32f4xx_hal.o
 .debug_loc     0x0000000000000587      0x79c Drivers/STM32F4xx_HAL_Driver/Src/stm32f4xx_hal_adc.o
 .debug_loc     0x0000000000000d23      0x4fb Drivers/STM32F4xx_HAL_Driver/Src/stm32f4xx_hal_cortex.o
 .debug_loc     0x000000000000121e      0x3cd Drivers/STM32F4xx_HAL_Driver/Src/stm32f4xx_hal_gpio.o
 .debug_loc     0x00000000000015eb      0x336 Drivers/STM32F4xx_HAL_Driver/Src/stm32f4xx_hal_rcc.o
 .debug_loc     0x0000000000001921     0x132c Drivers/STM32F4xx_HAL_Driver/Src/stm32f4xx_hal_uart.o

.debug_aranges  0x0000000000000000      0x6b8
 .debug_aranges
                0x0000000000000000       0x38 Core/Src/ADM1602s.o
 .debug_aranges
                0x0000000000000038       0x30 Core/Src/adc.o
 .debug_aranges
                0x0000000000000068       0x28 Core/Src/adc_keyboard.o
 .debug_aranges
                0x0000000000000090       0x38 Core/Src/display.o
 .debug_aranges
                0x00000000000000c8       0x20 Core/Src/gpio.o
 .debug_aranges
                0x00000000000000e8       0x28 Core/Src/keyboard.o
 .debug_aranges
                0x0000000000000110       0x38 Core/Src/main.o
 .debug_aranges
                0x0000000000000148       0x20 Core/Src/stm32f4xx_hal_msp.o
 .debug_aranges
                0x0000000000000168       0x48 Core/Src/stm32f4xx_it.o
 .debug_aranges
                0x00000000000001b0       0x28 Core/Src/system_stm32f4xx.o
 .debug_aranges
                0x00000000000001d8       0x30 Core/Src/usart.o
 .debug_aranges
                0x0000000000000208       0xd8 Drivers/STM32F4xx_HAL_Driver/Src/stm32f4xx_hal.o
 .debug_aranges
                0x00000000000002e0       0xb8 Drivers/STM32F4xx_HAL_Driver/Src/stm32f4xx_hal_adc.o
 .debug_aranges
                0x0000000000000398       0xa8 Drivers/STM32F4xx_HAL_Driver/Src/stm32f4xx_hal_cortex.o
 .debug_aranges
                0x0000000000000440       0x58 Drivers/STM32F4xx_HAL_Driver/Src/stm32f4xx_hal_gpio.o
 .debug_aranges
                0x0000000000000498       0x88 Drivers/STM32F4xx_HAL_Driver/Src/stm32f4xx_hal_rcc.o
 .debug_aranges
                0x0000000000000520      0x170 Drivers/STM32F4xx_HAL_Driver/Src/stm32f4xx_hal_uart.o
 .debug_aranges
                0x0000000000000690       0x28 startup/startup_stm32f407xx.o

.debug_ranges   0x0000000000000000      0x738
 .debug_ranges  0x0000000000000000       0x28 Core/Src/ADM1602s.o
 .debug_ranges  0x0000000000000028       0x40 Core/Src/adc.o
 .debug_ranges  0x0000000000000068       0x18 Core/Src/adc_keyboard.o
 .debug_ranges  0x0000000000000080       0x28 Core/Src/display.o
 .debug_ranges  0x00000000000000a8       0x40 Core/Src/gpio.o
 .debug_ranges  0x00000000000000e8       0x18 Core/Src/keyboard.o
 .debug_ranges  0x0000000000000100       0x28 Core/Src/main.o
 .debug_ranges  0x0000000000000128       0x10 Core/Src/stm32f4xx_hal_msp.o
 .debug_ranges  0x0000000000000138       0x38 Core/Src/stm32f4xx_it.o
 .debug_ranges  0x0000000000000170       0x18 Core/Src/system_stm32f4xx.o
 .debug_ranges  0x0000000000000188       0x38 Core/Src/usart.o
 .debug_ranges  0x00000000000001c0       0xc8 Drivers/STM32F4xx_HAL_Driver/Src/stm32f4xx_hal.o
 .debug_ranges  0x0000000000000288       0xc8 Drivers/STM32F4xx_HAL_Driver/Src/stm32f4xx_hal_adc.o
 .debug_ranges  0x0000000000000350      0x138 Drivers/STM32F4xx_HAL_Driver/Src/stm32f4xx_hal_cortex.o
 .debug_ranges  0x0000000000000488       0x68 Drivers/STM32F4xx_HAL_Driver/Src/stm32f4xx_hal_gpio.o
 .debug_ranges  0x00000000000004f0       0xb0 Drivers/STM32F4xx_HAL_Driver/Src/stm32f4xx_hal_rcc.o
 .debug_ranges  0x00000000000005a0      0x178 Drivers/STM32F4xx_HAL_Driver/Src/stm32f4xx_hal_uart.o
 .debug_ranges  0x0000000000000718       0x20 startup/startup_stm32f407xx.o

.debug_line     0x0000000000000000     0x43f4
 .debug_line    0x0000000000000000      0x2cc Core/Src/ADM1602s.o
 .debug_line    0x00000000000002cc      0x308 Core/Src/adc.o
 .debug_line    0x00000000000005d4      0x2c0 Core/Src/adc_keyboard.o
 .debug_line    0x0000000000000894      0x2e3 Core/Src/display.o
 .debug_line    0x0000000000000b77      0x27a Core/Src/gpio.o
 .debug_line    0x0000000000000df1      0x16e Core/Src/keyboard.o
 .debug_line    0x0000000000000f5f      0x3b1 Core/Src/main.o
 .debug_line    0x0000000000001310      0x26d Core/Src/stm32f4xx_hal_msp.o
 .debug_line    0x000000000000157d      0x2b5 Core/Src/stm32f4xx_it.o
 .debug_line    0x0000000000001832      0x259 Core/Src/system_stm32f4xx.o
 .debug_line    0x0000000000001a8b      0x2f6 Core/Src/usart.o
 .debug_line    0x0000000000001d81      0x471 Drivers/STM32F4xx_HAL_Driver/Src/stm32f4xx_hal.o
 .debug_line    0x00000000000021f2      0x737 Drivers/STM32F4xx_HAL_Driver/Src/stm32f4xx_hal_adc.o
 .debug_line    0x0000000000002929      0x4bb Drivers/STM32F4xx_HAL_Driver/Src/stm32f4xx_hal_cortex.o
 .debug_line    0x0000000000002de4      0x459 Drivers/STM32F4xx_HAL_Driver/Src/stm32f4xx_hal_gpio.o
 .debug_line    0x000000000000323d      0x56a Drivers/STM32F4xx_HAL_Driver/Src/stm32f4xx_hal_rcc.o
 .debug_line    0x00000000000037a7      0xbce Drivers/STM32F4xx_HAL_Driver/Src/stm32f4xx_hal_uart.o
 .debug_line    0x0000000000004375       0x7f startup/startup_stm32f407xx.o

.debug_str      0x0000000000000000     0x2899
 .debug_str     0x0000000000000000      0x62a Core/Src/ADM1602s.o
                                        0x6cf (size before relaxing)
 .debug_str     0x000000000000062a      0x5bd Core/Src/adc.o
                                        0xc63 (size before relaxing)
 .debug_str     0x0000000000000be7       0x70 Core/Src/adc_keyboard.o
                                        0xa60 (size before relaxing)
 .debug_str     0x0000000000000c57       0x59 Core/Src/display.o
                                        0x6b4 (size before relaxing)
 .debug_str     0x0000000000000cb0       0x3c Core/Src/gpio.o
                                        0x803 (size before relaxing)
 .debug_str     0x0000000000000cec       0x97 Core/Src/keyboard.o
                                        0x24a (size before relaxing)
 .debug_str     0x0000000000000d83      0x88b Core/Src/main.o
                                       0x147c (size before relaxing)
 .debug_str     0x000000000000160e       0x49 Core/Src/stm32f4xx_hal_msp.o
                                        0xb6f (size before relaxing)
 .debug_str     0x0000000000001657       0xce Core/Src/stm32f4xx_it.o
                                        0x6f1 (size before relaxing)
 .debug_str     0x0000000000001725       0xaf Core/Src/system_stm32f4xx.o
                                        0x7ce (size before relaxing)
 .debug_str     0x00000000000017d4       0x51 Core/Src/usart.o
                                        0xc48 (size before relaxing)
 .debug_str     0x0000000000001825      0x2ef Drivers/STM32F4xx_HAL_Driver/Src/stm32f4xx_hal.o
                                        0xfb8 (size before relaxing)
 .debug_str     0x0000000000001b14      0x28d Drivers/STM32F4xx_HAL_Driver/Src/stm32f4xx_hal_adc.o
                                        0xdb8 (size before relaxing)
 .debug_str     0x0000000000001da1      0x33c Drivers/STM32F4xx_HAL_Driver/Src/stm32f4xx_hal_cortex.o
                                       0x108f (size before relaxing)
 .debug_str     0x00000000000020dd      0x128 Drivers/STM32F4xx_HAL_Driver/Src/stm32f4xx_hal_gpio.o
                                        0x965 (size before relaxing)
 .debug_str     0x0000000000002205      0x174 Drivers/STM32F4xx_HAL_Driver/Src/stm32f4xx_hal_rcc.o
                                        0xb38 (size before relaxing)
 .debug_str     0x0000000000002379      0x520 Drivers/STM32F4xx_HAL_Driver/Src/stm32f4xx_hal_uart.o
                                       0x1067 (size before relaxing)

.comment        0x0000000000000000       0x7c
 .comment       0x0000000000000000       0x7c Core/Src/ADM1602s.o
                                         0x7d (size before relaxing)
 .comment       0x000000000000007c       0x7d Core/Src/adc.o
 .comment       0x000000000000007c       0x7d Core/Src/adc_keyboard.o
 .comment       0x000000000000007c       0x7d Core/Src/display.o
 .comment       0x000000000000007c       0x7d Core/Src/gpio.o
 .comment       0x000000000000007c       0x7d Core/Src/keyboard.o
 .comment       0x000000000000007c       0x7d Core/Src/main.o
 .comment       0x000000000000007c       0x7d Core/Src/stm32f4xx_hal_msp.o
 .comment       0x000000000000007c       0x7d Core/Src/stm32f4xx_it.o
 .comment       0x000000000000007c       0x7d Core/Src/system_stm32f4xx.o
 .comment       0x000000000000007c       0x7d Core/Src/usart.o
 .comment       0x000000000000007c       0x7d Drivers/STM32F4xx_HAL_Driver/Src/stm32f4xx_hal.o
 .comment       0x000000000000007c       0x7d Drivers/STM32F4xx_HAL_Driver/Src/stm32f4xx_hal_adc.o
 .comment       0x000000000000007c       0x7d Drivers/STM32F4xx_HAL_Driver/Src/stm32f4xx_hal_cortex.o
 .comment       0x000000000000007c       0x7d Drivers/STM32F4xx_HAL_Driver/Src/stm32f4xx_hal_gpio.o
 .comment       0x000000000000007c       0x7d Drivers/STM32F4xx_HAL_Driver/Src/stm32f4xx_hal_rcc.o
 .comment       0x000000000000007c       0x7d Drivers/STM32F4xx_HAL_Driver/Src/stm32f4xx_hal_uart.o

.debug_frame    0x0000000000000000     0x1088
 .debug_frame   0x0000000000000000       0x8c Core/Src/ADM1602s.o
 .debug_frame   0x000000000000008c       0x54 Core/Src/adc.o
 .debug_frame   0x00000000000000e0       0x38 Core/Src/adc_keyboard.o
 .debug_frame   0x0000000000000118       0x74 Core/Src/display.o
 .debug_frame   0x000000000000018c       0x38 Core/Src/gpio.o
 .debug_frame   0x00000000000001c4       0x48 Core/Src/keyboard.o
 .debug_frame   0x000000000000020c       0x68 Core/Src/main.o
 .debug_frame   0x0000000000000274       0x2c Core/Src/stm32f4xx_hal_msp.o
 .debug_frame   0x00000000000002a0       0xac Core/Src/stm32f4xx_it.o
 .debug_frame   0x000000000000034c       0x38 Core/Src/system_stm32f4xx.o
 .debug_frame   0x0000000000000384       0x58 Core/Src/usart.o
 .debug_frame   0x00000000000003dc      0x1d0 Drivers/STM32F4xx_HAL_Driver/Src/stm32f4xx_hal.o
 .debug_frame   0x00000000000005ac      0x244 Drivers/STM32F4xx_HAL_Driver/Src/stm32f4xx_hal_adc.o
 .debug_frame   0x00000000000007f0      0x158 Drivers/STM32F4xx_HAL_Driver/Src/stm32f4xx_hal_cortex.o
 .debug_frame   0x0000000000000948       0xd8 Drivers/STM32F4xx_HAL_Driver/Src/stm32f4xx_hal_gpio.o
 .debug_frame   0x0000000000000a20      0x13c Drivers/STM32F4xx_HAL_Driver/Src/stm32f4xx_hal_rcc.o
 .debug_frame   0x0000000000000b5c      0x4a0 Drivers/STM32F4xx_HAL_Driver/Src/stm32f4xx_hal_uart.o
 .debug_frame   0x0000000000000ffc       0x2c /opt/Atollic_TrueSTUDIO_for_STM32_x86_64_9.0.1/ARMTools/bin/../lib/gcc/arm-atollic-eabi/6.3.1/../../../../arm-atollic-eabi/lib/armv7e-m/fpu/libc_nano.a(lib_a-init.o)
 .debug_frame   0x0000000000001028       0x2c /opt/Atollic_TrueSTUDIO_for_STM32_x86_64_9.0.1/ARMTools/bin/../lib/gcc/arm-atollic-eabi/6.3.1/armv7e-m/fpu/libgcc.a(_aeabi_uldivmod.o)
 .debug_frame   0x0000000000001054       0x34 /opt/Atollic_TrueSTUDIO_for_STM32_x86_64_9.0.1/ARMTools/bin/../lib/gcc/arm-atollic-eabi/6.3.1/armv7e-m/fpu/libgcc.a(_udivmoddi4.o)
